Archive member included because of file (symbol)

/Applications/KDS_v3.app/Contents/toolchain/bin/../lib/gcc/arm-none-eabi/4.8.4/armv6-m/libgcc.a(_udivsi3.o)
                              ./Sources/gps.o (__aeabi_uidiv)
/Applications/KDS_v3.app/Contents/toolchain/bin/../lib/gcc/arm-none-eabi/4.8.4/armv6-m/libgcc.a(_dvmd_tls.o)
                              /Applications/KDS_v3.app/Contents/toolchain/bin/../lib/gcc/arm-none-eabi/4.8.4/armv6-m/libgcc.a(_udivsi3.o) (__aeabi_idiv0)
/Applications/KDS_v3.app/Contents/toolchain/bin/../lib/gcc/arm-none-eabi/4.8.4/armv6-m/libgcc.a(_aeabi_uldivmod.o)
                              ./Generated_Code/osa1.o (__aeabi_uldivmod)
/Applications/KDS_v3.app/Contents/toolchain/bin/../lib/gcc/arm-none-eabi/4.8.4/armv6-m/libgcc.a(_muldi3.o)
                              ./Generated_Code/osa1.o (__aeabi_lmul)
/Applications/KDS_v3.app/Contents/toolchain/bin/../lib/gcc/arm-none-eabi/4.8.4/armv6-m/libgcc.a(bpabi.o)
                              /Applications/KDS_v3.app/Contents/toolchain/bin/../lib/gcc/arm-none-eabi/4.8.4/armv6-m/libgcc.a(_aeabi_uldivmod.o) (__gnu_uldivmod_helper)
/Applications/KDS_v3.app/Contents/toolchain/bin/../lib/gcc/arm-none-eabi/4.8.4/armv6-m/libgcc.a(_divdi3.o)
                              /Applications/KDS_v3.app/Contents/toolchain/bin/../lib/gcc/arm-none-eabi/4.8.4/armv6-m/libgcc.a(bpabi.o) (__divdi3)
/Applications/KDS_v3.app/Contents/toolchain/bin/../lib/gcc/arm-none-eabi/4.8.4/armv6-m/libgcc.a(_udivdi3.o)
                              /Applications/KDS_v3.app/Contents/toolchain/bin/../lib/gcc/arm-none-eabi/4.8.4/armv6-m/libgcc.a(bpabi.o) (__udivdi3)
/Applications/KDS_v3.app/Contents/toolchain/bin/../lib/gcc/arm-none-eabi/4.8.4/armv6-m/libgcc.a(_clzsi2.o)
                              /Applications/KDS_v3.app/Contents/toolchain/bin/../lib/gcc/arm-none-eabi/4.8.4/armv6-m/libgcc.a(_divdi3.o) (__clzsi2)
/Applications/KDS_v3.app/Contents/toolchain/bin/../lib/gcc/arm-none-eabi/4.8.4/../../../../arm-none-eabi/lib/armv6-m/libg_s.a(lib_a-assert.o)
                              ./Sources/gpio.o (__assert_func)
/Applications/KDS_v3.app/Contents/toolchain/bin/../lib/gcc/arm-none-eabi/4.8.4/../../../../arm-none-eabi/lib/armv6-m/libg_s.a(lib_a-calloc.o)
                              ./SDK/platform/osa/src/fsl_os_abstraction_bm.o (calloc)
/Applications/KDS_v3.app/Contents/toolchain/bin/../lib/gcc/arm-none-eabi/4.8.4/../../../../arm-none-eabi/lib/armv6-m/libg_s.a(lib_a-exit.o)
                              /Applications/KDS_v3.app/Contents/toolchain/bin/../lib/gcc/arm-none-eabi/4.8.4/../../../../arm-none-eabi/lib/armv6-m/crt0.o (exit)
/Applications/KDS_v3.app/Contents/toolchain/bin/../lib/gcc/arm-none-eabi/4.8.4/../../../../arm-none-eabi/lib/armv6-m/libg_s.a(lib_a-fprintf.o)
                              /Applications/KDS_v3.app/Contents/toolchain/bin/../lib/gcc/arm-none-eabi/4.8.4/../../../../arm-none-eabi/lib/armv6-m/libg_s.a(lib_a-assert.o) (fiprintf)
/Applications/KDS_v3.app/Contents/toolchain/bin/../lib/gcc/arm-none-eabi/4.8.4/../../../../arm-none-eabi/lib/armv6-m/libg_s.a(lib_a-impure.o)
                              /Applications/KDS_v3.app/Contents/toolchain/bin/../lib/gcc/arm-none-eabi/4.8.4/../../../../arm-none-eabi/lib/armv6-m/libg_s.a(lib_a-exit.o) (_global_impure_ptr)
/Applications/KDS_v3.app/Contents/toolchain/bin/../lib/gcc/arm-none-eabi/4.8.4/../../../../arm-none-eabi/lib/armv6-m/libg_s.a(lib_a-init.o)
                              /Applications/KDS_v3.app/Contents/toolchain/bin/../lib/gcc/arm-none-eabi/4.8.4/../../../../arm-none-eabi/lib/armv6-m/crt0.o (__libc_init_array)
/Applications/KDS_v3.app/Contents/toolchain/bin/../lib/gcc/arm-none-eabi/4.8.4/../../../../arm-none-eabi/lib/armv6-m/libg_s.a(lib_a-malloc.o)
                              ./SDK/platform/osa/src/fsl_os_abstraction_bm.o (malloc)
/Applications/KDS_v3.app/Contents/toolchain/bin/../lib/gcc/arm-none-eabi/4.8.4/../../../../arm-none-eabi/lib/armv6-m/libg_s.a(lib_a-memset.o)
                              /Applications/KDS_v3.app/Contents/toolchain/bin/../lib/gcc/arm-none-eabi/4.8.4/../../../../arm-none-eabi/lib/armv6-m/crt0.o (memset)
/Applications/KDS_v3.app/Contents/toolchain/bin/../lib/gcc/arm-none-eabi/4.8.4/../../../../arm-none-eabi/lib/armv6-m/libg_s.a(lib_a-nano-callocr.o)
                              /Applications/KDS_v3.app/Contents/toolchain/bin/../lib/gcc/arm-none-eabi/4.8.4/../../../../arm-none-eabi/lib/armv6-m/libg_s.a(lib_a-calloc.o) (_calloc_r)
/Applications/KDS_v3.app/Contents/toolchain/bin/../lib/gcc/arm-none-eabi/4.8.4/../../../../arm-none-eabi/lib/armv6-m/libg_s.a(lib_a-nano-freer.o)
                              /Applications/KDS_v3.app/Contents/toolchain/bin/../lib/gcc/arm-none-eabi/4.8.4/../../../../arm-none-eabi/lib/armv6-m/libg_s.a(lib_a-malloc.o) (_free_r)
/Applications/KDS_v3.app/Contents/toolchain/bin/../lib/gcc/arm-none-eabi/4.8.4/../../../../arm-none-eabi/lib/armv6-m/libg_s.a(lib_a-nano-mallocr.o)
[...]
Memory Configuration

Name             Origin             Length             Attributes
m_interrupts     0x0000000000000000 0x0000000000000200 xr
m_flash_config   0x0000000000000400 0x0000000000000010 xr
m_interrupts_ram 0x000000001ffffc00 0x0000000000000200 rw
m_text           0x0000000000000410 0x0000000000007bf0 xr
m_data           0x000000001ffffe00 0x0000000000000e00 rw
*default*        0x0000000000000000 0xffffffffffffffff

Linker script and memory map

LOAD /Applications/KDS_v3.app/Contents/toolchain/bin/../lib/gcc/arm-none-eabi/4.8.4/armv6-m/crti.o
LOAD /Applications/KDS_v3.app/Contents/toolchain/bin/../lib/gcc/arm-none-eabi/4.8.4/armv6-m/crtbegin.o
LOAD /Applications/KDS_v3.app/Contents/toolchain/bin/../lib/gcc/arm-none-eabi/4.8.4/../../../../arm-none-eabi/lib/armv6-m/crt0.o
LOAD ./Static_Code/System/PE_low_level_init.o
LOAD ./Sources/Events.o
LOAD ./Sources/delay.o
LOAD ./Sources/gpio.o
LOAD ./Sources/gps.o
LOAD ./Sources/i2c.o
LOAD ./Sources/main.o
LOAD ./Sources/uart.o
LOAD ./SDK/platform/system/src/interrupt/fsl_interrupt_manager.o
LOAD ./SDK/platform/system/src/clock/MKL02Z4/fsl_clock_MKL02Z4.o
LOAD ./SDK/platform/system/src/clock/fsl_clock_manager.o
LOAD ./SDK/platform/system/src/clock/fsl_clock_manager_common.o
LOAD ./SDK/platform/osa/src/fsl_os_abstraction_bm.o
LOAD ./SDK/platform/hal/src/sim/MKL02Z4/fsl_sim_hal_MKL02Z4.o
LOAD ./SDK/platform/hal/src/port/fsl_port_hal.o
LOAD ./SDK/platform/hal/src/osc/fsl_osc_hal.o
LOAD ./SDK/platform/hal/src/mcg/fsl_mcg_hal.o
LOAD ./SDK/platform/hal/src/mcg/fsl_mcg_hal_modes.o
LOAD ./SDK/platform/hal/src/lpsci/fsl_lpsci_hal.o
LOAD ./SDK/platform/hal/src/i2c/fsl_i2c_hal.o
LOAD ./SDK/platform/hal/src/gpio/fsl_gpio_hal.o
LOAD ./SDK/platform/drivers/src/i2c/fsl_i2c_common.o
LOAD ./SDK/platform/drivers/src/i2c/fsl_i2c_master_driver.o
LOAD ./SDK/platform/drivers/src/i2c/fsl_i2c_shared_function.o
LOAD ./SDK/platform/drivers/src/i2c/fsl_i2c_slave_driver.o
LOAD ./SDK/platform/devices/MKL02Z4/startup/gcc/startup_MKL02Z4.o
LOAD ./SDK/platform/devices/MKL02Z4/startup/system_MKL02Z4.o
LOAD ./SDK/platform/devices/startup.o
LOAD ./Generated_Code/Cpu.o
LOAD ./Generated_Code/clockMan1.o
LOAD ./Generated_Code/hardware_init.o
LOAD ./Generated_Code/i2cCom1.o
LOAD ./Generated_Code/osa1.o
LOAD ./Generated_Code/pin_mux.o
LOAD /Applications/KDS_v3.app/Contents/toolchain/bin/../lib/gcc/arm-none-eabi/4.8.4/../../../../arm-none-eabi/lib/armv6-m/libstdc++_s.a
LOAD /Applications/KDS_v3.app/Contents/toolchain/bin/../lib/gcc/arm-none-eabi/4.8.4/../../../../arm-none-eabi/lib/armv6-m/libm.a
START GROUP
LOAD /Applications/KDS_v3.app/Contents/toolchain/bin/../lib/gcc/arm-none-eabi/4.8.4/armv6-m/libgcc.a
LOAD /Applications/KDS_v3.app/Contents/toolchain/bin/../lib/gcc/arm-none-eabi/4.8.4/../../../../arm-none-eabi/lib/armv6-m/libg_s.a
LOAD /Applications/KDS_v3.app/Contents/toolchain/bin/../lib/gcc/arm-none-eabi/4.8.4/../../../../arm-none-eabi/lib/armv6-m/libc_s.a
END GROUP
START GROUP
LOAD /Applications/KDS_v3.app/Contents/toolchain/bin/../lib/gcc/arm-none-eabi/4.8.4/armv6-m/libgcc.a
LOAD /Applications/KDS_v3.app/Contents/toolchain/bin/../lib/gcc/arm-none-eabi/4.8.4/../../../../arm-none-eabi/lib/armv6-m/libc_s.a
LOAD /Applications/KDS_v3.app/Contents/toolchain/bin/../lib/gcc/arm-none-eabi/4.8.4/../../../../arm-none-eabi/lib/armv6-m/libnosys.a
END GROUP
START GROUP
LOAD /Applications/KDS_v3.app/Contents/toolchain/bin/../lib/gcc/arm-none-eabi/4.8.4/armv6-m/libgcc.a
LOAD /Applications/KDS_v3.app/Contents/toolchain/bin/../lib/gcc/arm-none-eabi/4.8.4/../../../../arm-none-eabi/lib/armv6-m/libc_s.a
LOAD /Applications/KDS_v3.app/Contents/toolchain/bin/../lib/gcc/arm-none-eabi/4.8.4/../../../../arm-none-eabi/lib/armv6-m/libnosys.a
END GROUP
LOAD /Applications/KDS_v3.app/Contents/toolchain/bin/../lib/gcc/arm-none-eabi/4.8.4/armv6-m/crtend.o
LOAD /Applications/KDS_v3.app/Contents/toolchain/bin/../lib/gcc/arm-none-eabi/4.8.4/armv6-m/crtn.o
                0x0000000000000000                HEAP_SIZE = DEFINED (__heap_size__)?__heap_size__:0x0
                0x0000000000000100                STACK_SIZE = DEFINED (__stack_size__)?__stack_size__:0x100

.interrupts     0x0000000000000000       0xc0
                0x0000000000000000                __VECTOR_TABLE = .
                0x0000000000000000                . = ALIGN (0x4)
 *(.isr_vector)
 .isr_vector    0x0000000000000000       0xc0 ./SDK/platform/devices/MKL02Z4/startup/gcc/startup_MKL02Z4.o
                0x0000000000000000                __isr_vector
                0x00000000000000c0                . = ALIGN (0x4)
                0x000000001ffffc00                __VECTOR_RAM = ORIGIN (m_interrupts_ram)

.flash_config   0x0000000000000400       0x10
                0x0000000000000400                . = ALIGN (0x4)
 *(.FlashConfig)
 .FlashConfig   0x0000000000000400       0x10 ./SDK/platform/devices/MKL02Z4/startup/gcc/startup_MKL02Z4.o
                0x0000000000000410                . = ALIGN (0x4)

.text           0x0000000000000410     0x547c
                0x0000000000000410                . = ALIGN (0x4)
 *(.text)
 .text          0x0000000000000410       0x60 /Applications/KDS_v3.app/Contents/toolchain/bin/../lib/gcc/arm-none-eabi/4.8.4/armv6-m/crtbegin.o
 .text          0x0000000000000470       0x78 /Applications/KDS_v3.app/Contents/toolchain/bin/../lib/gcc/arm-none-eabi/4.8.4/../../../../arm-none-eabi/lib/armv6-m/crt0.o
                0x0000000000000470                _mainCRTStartup
                0x0000000000000470                _start
 .text          0x00000000000004e8       0x18 ./SDK/platform/devices/MKL02Z4/startup/gcc/startup_MKL02Z4.o
                0x00000000000004e8                Reset_Handler
                0x00000000000004f8                Reserved16_IRQHandler
                0x00000000000004f8                HardFault_Handler
                0x00000000000004f8                PendSV_Handler
                0x00000000000004f8                NMI_Handler
                0x00000000000004f8                I2C1_IRQHandler
                0x00000000000004f8                Reserved19_IRQHandler
                0x00000000000004f8                Reserved29_IRQHandler
                0x00000000000004f8                TPM0_IRQHandler
                0x00000000000004f8                UART0_IRQHandler
                0x00000000000004f8                Reserved42_IRQHandler
                0x00000000000004f8                Reserved36_IRQHandler
                0x00000000000004f8                ADC0_IRQHandler
                0x00000000000004f8                Reserved39_IRQHandler
                0x00000000000004f8                DefaultISR
                0x00000000000004f8                PORTB_IRQHandler
                0x00000000000004f8                Reserved27_IRQHandler
                0x00000000000004f8                MCG_IRQHandler
                0x00000000000004f8                Reserved35_IRQHandler
                0x00000000000004f8                Reserved20_IRQHandler
                0x00000000000004f8                Reserved37_IRQHandler
                0x00000000000004f8                Reserved17_IRQHandler
                0x00000000000004f8                Reserved41_IRQHandler
                0x00000000000004f8                SVC_Handler
                0x00000000000004f8                Reserved23_IRQHandler
                0x00000000000004f8                Reserved45_IRQHandler
                0x00000000000004f8                Reserved30_IRQHandler
                0x00000000000004f8                TPM1_IRQHandler
                0x00000000000004f8                LVD_LVW_IRQHandler
                0x00000000000004f8                SPI0_IRQHandler
                0x00000000000004f8                PORTA_IRQHandler
                0x00000000000004f8                FTFA_IRQHandler
                0x00000000000004f8                Reserved40_IRQHandler
                0x00000000000004f8                Reserved38_IRQHandler
                0x00000000000004f8                LPTMR0_IRQHandler
                0x00000000000004f8                Reserved18_IRQHandler
                0x00000000000004f8                CMP0_IRQHandler
 .text          0x0000000000000500       0x9c /Applications/KDS_v3.app/Contents/toolchain/bin/../lib/gcc/arm-none-eabi/4.8.4/armv6-m/libgcc.a(_udivsi3.o)
                0x0000000000000500                __udivsi3
                0x0000000000000500                __aeabi_uidiv
                0x0000000000000588                __aeabi_uidivmod
 .text          0x000000000000059c        0x4 /Applications/KDS_v3.app/Contents/toolchain/bin/../lib/gcc/arm-none-eabi/4.8.4/armv6-m/libgcc.a(_dvmd_tls.o)
                0x000000000000059c                __aeabi_ldiv0
                0x000000000000059c                __aeabi_idiv0
 .text          0x00000000000005a0       0x40 /Applications/KDS_v3.app/Contents/toolchain/bin/../lib/gcc/arm-none-eabi/4.8.4/armv6-m/libgcc.a(_aeabi_uldivmod.o)
                0x00000000000005a0                __aeabi_uldivmod
 .text          0x00000000000005e0       0x44 /Applications/KDS_v3.app/Contents/toolchain/bin/../lib/gcc/arm-none-eabi/4.8.4/armv6-m/libgcc.a(_muldi3.o)
                0x00000000000005e0                __aeabi_lmul
                0x00000000000005e0                __muldi3
 .text          0x0000000000000624       0x6c /Applications/KDS_v3.app/Contents/toolchain/bin/../lib/gcc/arm-none-eabi/4.8.4/armv6-m/libgcc.a(bpabi.o)
                0x0000000000000624                __gnu_ldivmod_helper
                0x000000000000065c                __gnu_uldivmod_helper
 .text          0x0000000000000690      0x3b8 /Applications/KDS_v3.app/Contents/toolchain/bin/../lib/gcc/arm-none-eabi/4.8.4/armv6-m/libgcc.a(_divdi3.o)
                0x0000000000000690                __divdi3
 .text          0x0000000000000a48      0x384 /Applications/KDS_v3.app/Contents/toolchain/bin/../lib/gcc/arm-none-eabi/4.8.4/armv6-m/libgcc.a(_udivdi3.o)
                0x0000000000000a48                __udivdi3
 .text          0x0000000000000dcc       0x3c /Applications/KDS_v3.app/Contents/toolchain/bin/../lib/gcc/arm-none-eabi/4.8.4/armv6-m/libgcc.a(_clzsi2.o)
                0x0000000000000dcc                __clzsi2
 *(.text*)
 .text.PEX_components_init
                0x0000000000000e08        0xc ./Static_Code/System/PE_low_level_init.o
                0x0000000000000e08                PEX_components_init
 .text.PE_low_level_init
                0x0000000000000e14       0x14 ./Static_Code/System/PE_low_level_init.o
                0x0000000000000e14                PE_low_level_init
 .text.I2C0_IRQHandler
                0x0000000000000e28       0x10 ./Sources/Events.o
                0x0000000000000e28                I2C0_IRQHandler
 .text.delay_ms
                0x0000000000000e38       0x18 ./Sources/delay.o
                0x0000000000000e38                delay_ms
 .text.GPIO_HAL_SetPinOutput
                0x0000000000000e50       0x3c ./Sources/gpio.o
 .text.gpio_init
                0x0000000000000e8c       0x84 ./Sources/gpio.o
                0x0000000000000e8c                gpio_init
 .text.gps_sate_data_init
                0x0000000000000f10       0x54 ./Sources/gps.o
                0x0000000000000f10                gps_sate_data_init
 .text.gps_recive_ok
                0x0000000000000f64       0x24 ./Sources/gps.o
                0x0000000000000f64                gps_recive_ok
 .text.gps_data_convert
                0x0000000000000f88      0x194 ./Sources/gps.o
                0x0000000000000f88                gps_data_convert
 .text.ParserGPGGA
                0x000000000000111c       0x8c ./Sources/gps.o
 .text.ParserGPRMC
                0x00000000000011a8      0x1f0 ./Sources/gps.o
 .text.ParserGPGSA
                0x0000000000001398      0x118 ./Sources/gps.o
 .text.ParserGPGSV
                0x00000000000014b0      0x16c ./Sources/gps.o
 .text.gps_parser
                0x000000000000161c      0x15c ./Sources/gps.o
                0x000000000000161c                gps_parser
 .text.PORT_HAL_SetMuxMode
                0x0000000000001778       0x4c ./Sources/i2c.o
 .text.i2c_data_copy
                0x00000000000017c4       0x54 ./Sources/i2c.o
 .text.i2c_slave_callback
                0x0000000000001818      0x354 ./Sources/i2c.o
                0x0000000000001818                i2c_slave_callback
 .text.i2c_init
                0x0000000000001b6c       0x80 ./Sources/i2c.o
                0x0000000000001b6c                i2c_init
 .text.PORT_HAL_SetMuxMode
                0x0000000000001bec       0x4c ./Sources/main.o
 .text.GPIO_HAL_SetPinOutput
                0x0000000000001c38       0x3c ./Sources/main.o
 .text.GPIO_HAL_ClearPinOutput
                0x0000000000001c74       0x3c ./Sources/main.o
 .text.GPIO_HAL_ReadPinInput
                0x0000000000001cb0       0x40 ./Sources/main.o
 .text.main     0x0000000000001cf0       0x40 ./Sources/main.o
                0x0000000000001cf0                main
 .text.GPIO_Test_for_TE
                0x0000000000001d30       0xc4 ./Sources/main.o
                0x0000000000001d30                GPIO_Test_for_TE
 .text.CLOCK_HAL_SetLpsciSrc
                0x0000000000001df4       0x30 ./Sources/uart.o
 .text.CLOCK_SYS_SetLpsciSrc
                0x0000000000001e24       0x2c ./Sources/uart.o
 .text.LPSCI_HAL_EnableTransmitter
                0x0000000000001e50       0x1c ./Sources/uart.o
 .text.LPSCI_HAL_EnableReceiver
                0x0000000000001e6c       0x1c ./Sources/uart.o
 .text.LPSCI_HAL_SetBitCountPerChar
                0x0000000000001e88       0x28 ./Sources/uart.o
 .text.LPSCI_HAL_SetStopBitCount
                0x0000000000001eb0       0x28 ./Sources/uart.o
 .text.uart_init
                0x0000000000001ed8       0x6c ./Sources/uart.o
                0x0000000000001ed8                uart_init
 .text.INT_SYS_EnableIRQGlobal
                0x0000000000001f44       0x2c ./SDK/platform/system/src/interrupt/fsl_interrupt_manager.o
                0x0000000000001f44                INT_SYS_EnableIRQGlobal
 .text.INT_SYS_DisableIRQGlobal
                0x0000000000001f70       0x18 ./SDK/platform/system/src/interrupt/fsl_interrupt_manager.o
                0x0000000000001f70                INT_SYS_DisableIRQGlobal
 .text.SIM_HAL_EnableClock
                0x0000000000001f88       0x58 ./SDK/platform/system/src/clock/MKL02Z4/fsl_clock_MKL02Z4.o
 .text.CLOCK_HAL_GetLpsciSrc
                0x0000000000001fe0       0x28 ./SDK/platform/system/src/clock/MKL02Z4/fsl_clock_MKL02Z4.o
 .text.CLOCK_HAL_GetOutDiv1
                0x0000000000002008       0x28 ./SDK/platform/system/src/clock/MKL02Z4/fsl_clock_MKL02Z4.o
 .text.OSC_HAL_GetExternalRefClkCmd
                0x0000000000002030       0x24 ./SDK/platform/system/src/clock/MKL02Z4/fsl_clock_MKL02Z4.o
 .text.CLOCK_SYS_GetCoreClockFreq
                0x0000000000002054       0x34 ./SDK/platform/system/src/clock/MKL02Z4/fsl_clock_MKL02Z4.o
                0x0000000000002054                CLOCK_SYS_GetCoreClockFreq
 .text.CLOCK_SYS_GetFllClockFreq
                0x0000000000002088       0x18 ./SDK/platform/system/src/clock/MKL02Z4/fsl_clock_MKL02Z4.o
                0x0000000000002088                CLOCK_SYS_GetFllClockFreq
 .text.CLOCK_SYS_GetOsc0ExternalRefClockFreq
                0x00000000000020a0       0x2c ./SDK/platform/system/src/clock/MKL02Z4/fsl_clock_MKL02Z4.o
                0x00000000000020a0                CLOCK_SYS_GetOsc0ExternalRefClockFreq
 .text.CLOCK_SYS_GetLpsciFreq
                0x00000000000020cc       0x68 ./SDK/platform/system/src/clock/MKL02Z4/fsl_clock_MKL02Z4.o
                0x00000000000020cc                CLOCK_SYS_GetLpsciFreq
 .text.CLOCK_SYS_EnableI2cClock
                0x0000000000002134       0x4c ./SDK/platform/system/src/clock/MKL02Z4/fsl_clock_MKL02Z4.o
                0x0000000000002134                CLOCK_SYS_EnableI2cClock
 .text.CLOCK_SYS_EnableLpsciClock
                0x0000000000002180       0x40 ./SDK/platform/system/src/clock/MKL02Z4/fsl_clock_MKL02Z4.o
                0x0000000000002180                CLOCK_SYS_EnableLpsciClock
 .text.CLOCK_SYS_GetSystickFreq
                0x00000000000021c0       0x28 ./SDK/platform/system/src/clock/fsl_clock_manager.o
                0x00000000000021c0                CLOCK_SYS_GetSystickFreq
 .text.OSA_SemaPost
                0x00000000000021e8       0x58 ./SDK/platform/osa/src/fsl_os_abstraction_bm.o
                0x00000000000021e8                OSA_SemaPost
 .text.OSA_EventCreate
                0x0000000000002240       0x58 ./SDK/platform/osa/src/fsl_os_abstraction_bm.o
                0x0000000000002240                OSA_EventCreate
 .text.OSA_EventSet
                0x0000000000002298       0x4c ./SDK/platform/osa/src/fsl_os_abstraction_bm.o
                0x0000000000002298                OSA_EventSet
 .text.task_init
                0x00000000000022e4       0x60 ./SDK/platform/osa/src/fsl_os_abstraction_bm.o
                0x00000000000022e4                task_init
 .text.OSA_TimeDelay
                0x0000000000002344       0x34 ./SDK/platform/osa/src/fsl_os_abstraction_bm.o
                0x0000000000002344                OSA_TimeDelay
 .text.OSA_Init
                0x0000000000002378       0x14 ./SDK/platform/osa/src/fsl_os_abstraction_bm.o
                0x0000000000002378                OSA_Init
 .text.CLOCK_HAL_GetClkOutStat
                0x000000000000238c       0x20 ./SDK/platform/hal/src/mcg/fsl_mcg_hal.o
 .text.CLOCK_HAL_GetMcgExternalClkFreq
                0x00000000000023ac       0x18 ./SDK/platform/hal/src/mcg/fsl_mcg_hal.o
 .text.CLOCK_HAL_TestFllExternalRefFreq
                0x00000000000023c4       0x7c ./SDK/platform/hal/src/mcg/fsl_mcg_hal.o
                0x00000000000023c4                CLOCK_HAL_TestFllExternalRefFreq
 .text.CLOCK_HAL_GetFllRefClk
                0x0000000000002440       0x8c ./SDK/platform/hal/src/mcg/fsl_mcg_hal.o
                0x0000000000002440                CLOCK_HAL_GetFllRefClk
 .text.CLOCK_HAL_TestFllFreq
                0x00000000000024cc       0x6c ./SDK/platform/hal/src/mcg/fsl_mcg_hal.o
                0x00000000000024cc                CLOCK_HAL_TestFllFreq
 .text.CLOCK_HAL_GetFllClk
                0x0000000000002538       0x6c ./SDK/platform/hal/src/mcg/fsl_mcg_hal.o
                0x0000000000002538                CLOCK_HAL_GetFllClk
 .text.CLOCK_HAL_GetInternalRefClk
                0x00000000000025a4       0x64 ./SDK/platform/hal/src/mcg/fsl_mcg_hal.o
                0x00000000000025a4                CLOCK_HAL_GetInternalRefClk
 .text.CLOCK_HAL_GetOutClk
                0x0000000000002608       0x64 ./SDK/platform/hal/src/mcg/fsl_mcg_hal.o
                0x0000000000002608                CLOCK_HAL_GetOutClk
 .text.LPSCI_HAL_Getchar
                0x000000000000266c       0x1c ./SDK/platform/hal/src/lpsci/fsl_lpsci_hal.o
 .text.LPSCI_HAL_SetBaudRate
                0x0000000000002688      0x14c ./SDK/platform/hal/src/lpsci/fsl_lpsci_hal.o
                0x0000000000002688                LPSCI_HAL_SetBaudRate
 .text.LPSCI_HAL_SetParityMode
                0x00000000000027d4       0x40 ./SDK/platform/hal/src/lpsci/fsl_lpsci_hal.o
                0x00000000000027d4                LPSCI_HAL_SetParityMode
 .text.LPSCI_HAL_ReceiveDataPolling
                0x0000000000002814       0x88 ./SDK/platform/hal/src/lpsci/fsl_lpsci_hal.o
                0x0000000000002814                LPSCI_HAL_ReceiveDataPolling
 .text.I2C_HAL_GetStatusFlag
                0x000000000000289c       0x34 ./SDK/platform/hal/src/i2c/fsl_i2c_hal.o
 .text.I2C_HAL_Init
                0x00000000000028d0       0x38 ./SDK/platform/hal/src/i2c/fsl_i2c_hal.o
                0x00000000000028d0                I2C_HAL_Init
 .text.I2C_HAL_SendStop
                0x0000000000002908       0x78 ./SDK/platform/hal/src/i2c/fsl_i2c_hal.o
                0x0000000000002908                I2C_HAL_SendStop
 .text.I2C_HAL_SetAddress7bit
                0x0000000000002980       0x30 ./SDK/platform/hal/src/i2c/fsl_i2c_hal.o
                0x0000000000002980                I2C_HAL_SetAddress7bit
 .text.GPIO_HAL_SetPinDir
                0x00000000000029b0       0x6c ./SDK/platform/hal/src/gpio/fsl_gpio_hal.o
                0x00000000000029b0                GPIO_HAL_SetPinDir
 .text.I2C_HAL_SendAck
                0x0000000000002a1c       0x1c ./SDK/platform/drivers/src/i2c/fsl_i2c_master_driver.o
 .text.I2C_HAL_SendNak
                0x0000000000002a38       0x1c ./SDK/platform/drivers/src/i2c/fsl_i2c_master_driver.o
 .text.I2C_HAL_GetDirMode
                0x0000000000002a54       0x20 ./SDK/platform/drivers/src/i2c/fsl_i2c_master_driver.o
 .text.I2C_HAL_ReadByte
                0x0000000000002a74       0x18 ./SDK/platform/drivers/src/i2c/fsl_i2c_master_driver.o
 .text.I2C_HAL_WriteByte
                0x0000000000002a8c       0x1c ./SDK/platform/drivers/src/i2c/fsl_i2c_master_driver.o
 .text.I2C_HAL_GetStatusFlag
                0x0000000000002aa8       0x34 ./SDK/platform/drivers/src/i2c/fsl_i2c_master_driver.o
 .text.I2C_HAL_IsMaster
                0x0000000000002adc       0x24 ./SDK/platform/drivers/src/i2c/fsl_i2c_master_driver.o
 .text.I2C_HAL_SetIntCmd
                0x0000000000002b00       0x28 ./SDK/platform/drivers/src/i2c/fsl_i2c_master_driver.o
 .text.I2C_HAL_ClearInt
                0x0000000000002b28       0x14 ./SDK/platform/drivers/src/i2c/fsl_i2c_master_driver.o
 .text.I2C_DRV_MasterIRQHandler
                0x0000000000002b3c      0x134 ./SDK/platform/drivers/src/i2c/fsl_i2c_master_driver.o
                0x0000000000002b3c                I2C_DRV_MasterIRQHandler
 .text.I2C_DRV_CompleteTransfer
                0x0000000000002c70       0x98 ./SDK/platform/drivers/src/i2c/fsl_i2c_master_driver.o
 .text.I2C_HAL_IsMaster
                0x0000000000002d08       0x24 ./SDK/platform/drivers/src/i2c/fsl_i2c_shared_function.o
 .text.I2C_DRV_IRQHandler
                0x0000000000002d2c       0x5c ./SDK/platform/drivers/src/i2c/fsl_i2c_shared_function.o
                0x0000000000002d2c                I2C_DRV_IRQHandler
 .text.NVIC_EnableIRQ
                0x0000000000002d88       0x2c ./SDK/platform/drivers/src/i2c/fsl_i2c_slave_driver.o
 .text.I2C_HAL_Enable
                0x0000000000002db4       0x1c ./SDK/platform/drivers/src/i2c/fsl_i2c_slave_driver.o
 .text.I2C_HAL_SetDirMode
                0x0000000000002dd0       0x28 ./SDK/platform/drivers/src/i2c/fsl_i2c_slave_driver.o
 .text.I2C_HAL_GetDirMode
                0x0000000000002df8       0x20 ./SDK/platform/drivers/src/i2c/fsl_i2c_slave_driver.o
 .text.I2C_HAL_ReadByte
                0x0000000000002e18       0x18 ./SDK/platform/drivers/src/i2c/fsl_i2c_slave_driver.o
 .text.I2C_HAL_WriteByte
                0x0000000000002e30       0x1c ./SDK/platform/drivers/src/i2c/fsl_i2c_slave_driver.o
 .text.I2C_HAL_GetStatusFlag
                0x0000000000002e4c       0x34 ./SDK/platform/drivers/src/i2c/fsl_i2c_slave_driver.o
 .text.I2C_HAL_ClearArbitrationLost
                0x0000000000002e80       0x14 ./SDK/platform/drivers/src/i2c/fsl_i2c_slave_driver.o
 .text.I2C_HAL_SetIntCmd
                0x0000000000002e94       0x28 ./SDK/platform/drivers/src/i2c/fsl_i2c_slave_driver.o
 .text.I2C_HAL_ClearInt
                0x0000000000002ebc       0x14 ./SDK/platform/drivers/src/i2c/fsl_i2c_slave_driver.o
 .text.I2C_HAL_GetStopFlag
                0x0000000000002ed0       0x24 ./SDK/platform/drivers/src/i2c/fsl_i2c_slave_driver.o
 .text.I2C_HAL_ClearStopFlag
                0x0000000000002ef4       0x1c ./SDK/platform/drivers/src/i2c/fsl_i2c_slave_driver.o
 .text.I2C_HAL_SetStartStopIntCmd
                0x0000000000002f10       0x28 ./SDK/platform/drivers/src/i2c/fsl_i2c_slave_driver.o
 .text.I2C_HAL_GetStartStopIntCmd
                0x0000000000002f38       0x24 ./SDK/platform/drivers/src/i2c/fsl_i2c_slave_driver.o
 .text.I2C_HAL_GetStartFlag
                0x0000000000002f5c       0x24 ./SDK/platform/drivers/src/i2c/fsl_i2c_slave_driver.o
 .text.I2C_HAL_ClearStartFlag
                0x0000000000002f80       0x1c ./SDK/platform/drivers/src/i2c/fsl_i2c_slave_driver.o
 .text.INT_SYS_EnableIRQ
                0x0000000000002f9c       0x5c ./SDK/platform/drivers/src/i2c/fsl_i2c_slave_driver.o
 .text.I2C_DRV_SlaveInit
                0x0000000000002ff8      0x10c ./SDK/platform/drivers/src/i2c/fsl_i2c_slave_driver.o
                0x0000000000002ff8                I2C_DRV_SlaveInit
 .text.I2C_DRV_SlaveGetHandler
                0x0000000000003104       0x1c ./SDK/platform/drivers/src/i2c/fsl_i2c_slave_driver.o
                0x0000000000003104                I2C_DRV_SlaveGetHandler
 .text.I2C_DRV_SlaveIRQHandler
                0x0000000000003120      0x424 ./SDK/platform/drivers/src/i2c/fsl_i2c_slave_driver.o
                0x0000000000003120                I2C_DRV_SlaveIRQHandler
 .text.SystemInit
                0x0000000000003544       0xec ./SDK/platform/devices/MKL02Z4/startup/system_MKL02Z4.o
                0x0000000000003544                SystemInit
 .text.init_data_bss
                0x0000000000003630       0xc8 ./SDK/platform/devices/startup.o
                0x0000000000003630                init_data_bss
 .text.Components_Init
                0x00000000000036f8        0x8 ./Generated_Code/Cpu.o
                0x00000000000036f8                Components_Init
 .text.SIM_HAL_EnableClock
                0x0000000000003700       0x58 ./Generated_Code/hardware_init.o
 .text.hardware_init
                0x0000000000003758       0x50 ./Generated_Code/hardware_init.o
                0x0000000000003758                hardware_init
 .text.NVIC_SetPriority
                0x00000000000037a8       0xe0 ./Generated_Code/osa1.o
 .text.CLOCK_SYS_SetSystickSrc
                0x0000000000003888       0x30 ./Generated_Code/osa1.o
 .text.SysTick_Handler
                0x00000000000038b8       0x1c ./Generated_Code/osa1.o
                0x00000000000038b8                SysTick_Handler
 *fill*         0x00000000000038d4        0x4 
 .text.OSA_TimeInit
                0x00000000000038d8       0xa0 ./Generated_Code/osa1.o
                0x00000000000038d8                OSA_TimeInit
 .text.OSA_TimeDiff
                0x0000000000003978       0x30 ./Generated_Code/osa1.o
                0x0000000000003978                OSA_TimeDiff
 .text.OSA_TimeGetMsec
                0x00000000000039a8       0x14 ./Generated_Code/osa1.o
                0x00000000000039a8                OSA_TimeGetMsec
 .text.PORT_HAL_SetMuxMode
                0x00000000000039bc       0x4c ./Generated_Code/pin_mux.o
 .text.SIM_HAL_SetLpsciRxSrcMode
                0x0000000000003a08       0x2c ./Generated_Code/pin_mux.o
 .text.SIM_HAL_SetLpsciTxSrcMode
                0x0000000000003a34       0x2c ./Generated_Code/pin_mux.o
 .text.init_coredebug_pins
                0x0000000000003a60       0x2c ./Generated_Code/pin_mux.o
                0x0000000000003a60                init_coredebug_pins
 .text.init_gpio_pins
                0x0000000000003a8c       0x7c ./Generated_Code/pin_mux.o
                0x0000000000003a8c                init_gpio_pins
 .text.init_i2c_pins
                0x0000000000003b08       0x34 ./Generated_Code/pin_mux.o
                0x0000000000003b08                init_i2c_pins
 .text.init_rcm_pins
                0x0000000000003b3c       0x20 ./Generated_Code/pin_mux.o
                0x0000000000003b3c                init_rcm_pins
 .text.init_uart0_pins
                0x0000000000003b5c       0x48 ./Generated_Code/pin_mux.o
                0x0000000000003b5c                init_uart0_pins
 .text.__assert_func
                0x0000000000003ba4       0x3c /Applications/KDS_v3.app/Contents/toolchain/bin/../lib/gcc/arm-none-eabi/4.8.4/../../../../arm-none-eabi/lib/armv6-m/libg_s.a(lib_a-assert.o)
                0x0000000000003ba4                __assert_func
 .text.exit     0x0000000000003be0       0x2c /Applications/KDS_v3.app/Contents/toolchain/bin/../lib/gcc/arm-none-eabi/4.8.4/../../../../arm-none-eabi/lib/armv6-m/libg_s.a(lib_a-exit.o)
                0x0000000000003be0                exit
 .text.fprintf  0x0000000000003c0c       0x24 /Applications/KDS_v3.app/Contents/toolchain/bin/../lib/gcc/arm-none-eabi/4.8.4/../../../../arm-none-eabi/lib/armv6-m/libg_s.a(lib_a-fprintf.o)
                0x0000000000003c0c                fprintf
                0x0000000000003c0c                fiprintf
 .text.__libc_init_array
                0x0000000000003c30       0x4c /Applications/KDS_v3.app/Contents/toolchain/bin/../lib/gcc/arm-none-eabi/4.8.4/../../../../arm-none-eabi/lib/armv6-m/libg_s.a(lib_a-init.o)
                0x0000000000003c30                __libc_init_array
 .text.memset   0x0000000000003c7c       0x10 /Applications/KDS_v3.app/Contents/toolchain/bin/../lib/gcc/arm-none-eabi/4.8.4/../../../../arm-none-eabi/lib/armv6-m/libg_s.a(lib_a-memset.o)
                0x0000000000003c7c                memset
 .text._free_r  0x0000000000003c8c       0x90 /Applications/KDS_v3.app/Contents/toolchain/bin/../lib/gcc/arm-none-eabi/4.8.4/../../../../arm-none-eabi/lib/armv6-m/libg_s.a(lib_a-nano-freer.o)
                0x0000000000003c8c                _free_r
 .text._malloc_r
                0x0000000000003d1c       0xa8 /Applications/KDS_v3.app/Contents/toolchain/bin/../lib/gcc/arm-none-eabi/4.8.4/../../../../arm-none-eabi/lib/armv6-m/libg_s.a(lib_a-nano-mallocr.o)
                0x0000000000003d1c                _malloc_r
 .text._sbrk_r  0x0000000000003dc4       0x24 /Applications/KDS_v3.app/Contents/toolchain/bin/../lib/gcc/arm-none-eabi/4.8.4/../../../../arm-none-eabi/lib/armv6-m/libg_s.a(lib_a-sbrkr.o)
                0x0000000000003dc4                _sbrk_r
 .text.__sfputc_r
                0x0000000000003de8       0x2a /Applications/KDS_v3.app/Contents/toolchain/bin/../lib/gcc/arm-none-eabi/4.8.4/../../../../arm-none-eabi/lib/armv6-m/libg_s.a(lib_a-vfprintf.o)
 .text.__sfputs_r
                0x0000000000003e12       0x24 /Applications/KDS_v3.app/Contents/toolchain/bin/../lib/gcc/arm-none-eabi/4.8.4/../../../../arm-none-eabi/lib/armv6-m/libg_s.a(lib_a-vfprintf.o)
                0x0000000000003e12                __sfputs_r
 *fill*         0x0000000000003e36        0x2 
 .text._vfprintf_r
                0x0000000000003e38      0x210 /Applications/KDS_v3.app/Contents/toolchain/bin/../lib/gcc/arm-none-eabi/4.8.4/../../../../arm-none-eabi/lib/armv6-m/libg_s.a(lib_a-vfprintf.o)
                0x0000000000003e38                _vfiprintf_r
                0x0000000000003e38                _vfprintf_r
 .text._printf_common
                0x0000000000004048       0xe8 /Applications/KDS_v3.app/Contents/toolchain/bin/../lib/gcc/arm-none-eabi/4.8.4/../../../../arm-none-eabi/lib/armv6-m/libg_s.a(lib_a-vfprintf_i.o)
                0x0000000000004048                _printf_common
 .text._printf_i
                0x0000000000004130      0x22c /Applications/KDS_v3.app/Contents/toolchain/bin/../lib/gcc/arm-none-eabi/4.8.4/../../../../arm-none-eabi/lib/armv6-m/libg_s.a(lib_a-vfprintf_i.o)
                0x0000000000004130                _printf_i
 .text.__swbuf_r
                0x000000000000435c       0xb0 /Applications/KDS_v3.app/Contents/toolchain/bin/../lib/gcc/arm-none-eabi/4.8.4/../../../../arm-none-eabi/lib/armv6-m/libg_s.a(lib_a-wbuf.o)
                0x000000000000435c                __swbuf_r
 .text.__swsetup_r
                0x000000000000440c       0xe4 /Applications/KDS_v3.app/Contents/toolchain/bin/../lib/gcc/arm-none-eabi/4.8.4/../../../../arm-none-eabi/lib/armv6-m/libg_s.a(lib_a-wsetup.o)
                0x000000000000440c                __swsetup_r
 .text.abort    0x00000000000044f0        0xe /Applications/KDS_v3.app/Contents/toolchain/bin/../lib/gcc/arm-none-eabi/4.8.4/../../../../arm-none-eabi/lib/armv6-m/libg_s.a(lib_a-abort.o)
                0x00000000000044f0                abort
 .text.__sflush_r
                0x00000000000044fe      0x112 /Applications/KDS_v3.app/Contents/toolchain/bin/../lib/gcc/arm-none-eabi/4.8.4/../../../../arm-none-eabi/lib/armv6-m/libg_s.a(lib_a-fflush.o)
                0x00000000000044fe                __sflush_r
 .text._fflush_r
                0x0000000000004610       0x58 /Applications/KDS_v3.app/Contents/toolchain/bin/../lib/gcc/arm-none-eabi/4.8.4/../../../../arm-none-eabi/lib/armv6-m/libg_s.a(lib_a-fflush.o)
                0x0000000000004610                _fflush_r
 .text._cleanup_r
                0x0000000000004668       0x34 /Applications/KDS_v3.app/Contents/toolchain/bin/../lib/gcc/arm-none-eabi/4.8.4/../../../../arm-none-eabi/lib/armv6-m/libg_s.a(lib_a-findfp.o)
                0x0000000000004668                _cleanup_r
 .text.std.isra.0
                0x000000000000469c       0x48 /Applications/KDS_v3.app/Contents/toolchain/bin/../lib/gcc/arm-none-eabi/4.8.4/../../../../arm-none-eabi/lib/armv6-m/libg_s.a(lib_a-findfp.o)
 .text.__sfmoreglue
                0x00000000000046e4       0x2c /Applications/KDS_v3.app/Contents/toolchain/bin/../lib/gcc/arm-none-eabi/4.8.4/../../../../arm-none-eabi/lib/armv6-m/libg_s.a(lib_a-findfp.o)
                0x00000000000046e4                __sfmoreglue
 .text.__sinit  0x0000000000004710       0x64 /Applications/KDS_v3.app/Contents/toolchain/bin/../lib/gcc/arm-none-eabi/4.8.4/../../../../arm-none-eabi/lib/armv6-m/libg_s.a(lib_a-findfp.o)
                0x0000000000004710                __sinit
 .text.__sfp    0x0000000000004774       0x7c /Applications/KDS_v3.app/Contents/toolchain/bin/../lib/gcc/arm-none-eabi/4.8.4/../../../../arm-none-eabi/lib/armv6-m/libg_s.a(lib_a-findfp.o)
                0x0000000000004774                __sfp
 .text.__smakebuf_r
                0x00000000000047f0       0xa0 /Applications/KDS_v3.app/Contents/toolchain/bin/../lib/gcc/arm-none-eabi/4.8.4/../../../../arm-none-eabi/lib/armv6-m/libg_s.a(lib_a-makebuf.o)
                0x00000000000047f0                __smakebuf_r
 .text.memchr   0x0000000000004890       0x16 /Applications/KDS_v3.app/Contents/toolchain/bin/../lib/gcc/arm-none-eabi/4.8.4/../../../../arm-none-eabi/lib/armv6-m/libg_s.a(lib_a-memchr-stub.o)
                0x0000000000004890                memchr
 .text._raise_r
                0x00000000000048a6       0x56 /Applications/KDS_v3.app/Contents/toolchain/bin/../lib/gcc/arm-none-eabi/4.8.4/../../../../arm-none-eabi/lib/armv6-m/libg_s.a(lib_a-signal.o)
                0x00000000000048a6                _raise_r
 .text.raise    0x00000000000048fc       0x14 /Applications/KDS_v3.app/Contents/toolchain/bin/../lib/gcc/arm-none-eabi/4.8.4/../../../../arm-none-eabi/lib/armv6-m/libg_s.a(lib_a-signal.o)
                0x00000000000048fc                raise
 .text._kill_r  0x0000000000004910       0x24 /Applications/KDS_v3.app/Contents/toolchain/bin/../lib/gcc/arm-none-eabi/4.8.4/../../../../arm-none-eabi/lib/armv6-m/libg_s.a(lib_a-signalr.o)
                0x0000000000004910                _kill_r
 .text._getpid_r
                0x0000000000004934        0x8 /Applications/KDS_v3.app/Contents/toolchain/bin/../lib/gcc/arm-none-eabi/4.8.4/../../../../arm-none-eabi/lib/armv6-m/libg_s.a(lib_a-signalr.o)
                0x0000000000004934                _getpid_r
 .text.__sread  0x000000000000493c       0x28 /Applications/KDS_v3.app/Contents/toolchain/bin/../lib/gcc/arm-none-eabi/4.8.4/../../../../arm-none-eabi/lib/armv6-m/libg_s.a(lib_a-stdio.o)
                0x000000000000493c                __sread
 .text.__swrite
                0x0000000000004964       0x38 /Applications/KDS_v3.app/Contents/toolchain/bin/../lib/gcc/arm-none-eabi/4.8.4/../../../../arm-none-eabi/lib/armv6-m/libg_s.a(lib_a-stdio.o)
                0x0000000000004964                __swrite
 .text.__sseek  0x000000000000499c       0x2c /Applications/KDS_v3.app/Contents/toolchain/bin/../lib/gcc/arm-none-eabi/4.8.4/../../../../arm-none-eabi/lib/armv6-m/libg_s.a(lib_a-stdio.o)
                0x000000000000499c                __sseek
 .text.__sclose
                0x00000000000049c8        0xc /Applications/KDS_v3.app/Contents/toolchain/bin/../lib/gcc/arm-none-eabi/4.8.4/../../../../arm-none-eabi/lib/armv6-m/libg_s.a(lib_a-stdio.o)
                0x00000000000049c8                __sclose
 .text.strlen   0x00000000000049d4        0xe /Applications/KDS_v3.app/Contents/toolchain/bin/../lib/gcc/arm-none-eabi/4.8.4/../../../../arm-none-eabi/lib/armv6-m/libg_s.a(lib_a-strlen.o)
                0x00000000000049d4                strlen
 *fill*         0x00000000000049e2        0x2 
 .text._write_r
                0x00000000000049e4       0x28 /Applications/KDS_v3.app/Contents/toolchain/bin/../lib/gcc/arm-none-eabi/4.8.4/../../../../arm-none-eabi/lib/armv6-m/libg_s.a(lib_a-writer.o)
                0x00000000000049e4                _write_r
 .text._close_r
                0x0000000000004a0c       0x24 /Applications/KDS_v3.app/Contents/toolchain/bin/../lib/gcc/arm-none-eabi/4.8.4/../../../../arm-none-eabi/lib/armv6-m/libg_s.a(lib_a-closer.o)
                0x0000000000004a0c                _close_r
 .text._fstat_r
                0x0000000000004a30       0x24 /Applications/KDS_v3.app/Contents/toolchain/bin/../lib/gcc/arm-none-eabi/4.8.4/../../../../arm-none-eabi/lib/armv6-m/libg_s.a(lib_a-fstatr.o)
                0x0000000000004a30                _fstat_r
 .text._isatty_r
                0x0000000000004a54       0x24 /Applications/KDS_v3.app/Contents/toolchain/bin/../lib/gcc/arm-none-eabi/4.8.4/../../../../arm-none-eabi/lib/armv6-m/libg_s.a(lib_a-isattyr.o)
                0x0000000000004a54                _isatty_r
 .text._lseek_r
                0x0000000000004a78       0x28 /Applications/KDS_v3.app/Contents/toolchain/bin/../lib/gcc/arm-none-eabi/4.8.4/../../../../arm-none-eabi/lib/armv6-m/libg_s.a(lib_a-lseekr.o)
                0x0000000000004a78                _lseek_r
 .text._read_r  0x0000000000004aa0       0x28 /Applications/KDS_v3.app/Contents/toolchain/bin/../lib/gcc/arm-none-eabi/4.8.4/../../../../arm-none-eabi/lib/armv6-m/libg_s.a(lib_a-readr.o)
                0x0000000000004aa0                _read_r
 .text._close   0x0000000000004ac8       0x10 /Applications/KDS_v3.app/Contents/toolchain/bin/../lib/gcc/arm-none-eabi/4.8.4/../../../../arm-none-eabi/lib/armv6-m/libnosys.a(close.o)
                0x0000000000004ac8                _close
 .text._fstat   0x0000000000004ad8       0x10 /Applications/KDS_v3.app/Contents/toolchain/bin/../lib/gcc/arm-none-eabi/4.8.4/../../../../arm-none-eabi/lib/armv6-m/libnosys.a(fstat.o)
                0x0000000000004ad8                _fstat
 .text._getpid  0x0000000000004ae8       0x10 /Applications/KDS_v3.app/Contents/toolchain/bin/../lib/gcc/arm-none-eabi/4.8.4/../../../../arm-none-eabi/lib/armv6-m/libnosys.a(getpid.o)
                0x0000000000004ae8                _getpid
 .text._isatty  0x0000000000004af8       0x10 /Applications/KDS_v3.app/Contents/toolchain/bin/../lib/gcc/arm-none-eabi/4.8.4/../../../../arm-none-eabi/lib/armv6-m/libnosys.a(isatty.o)
                0x0000000000004af8                _isatty
 .text._kill    0x0000000000004b08       0x10 /Applications/KDS_v3.app/Contents/toolchain/bin/../lib/gcc/arm-none-eabi/4.8.4/../../../../arm-none-eabi/lib/armv6-m/libnosys.a(kill.o)
                0x0000000000004b08                _kill
 .text._lseek   0x0000000000004b18       0x10 /Applications/KDS_v3.app/Contents/toolchain/bin/../lib/gcc/arm-none-eabi/4.8.4/../../../../arm-none-eabi/lib/armv6-m/libnosys.a(lseek.o)
                0x0000000000004b18                _lseek
 .text._read    0x0000000000004b28       0x10 /Applications/KDS_v3.app/Contents/toolchain/bin/../lib/gcc/arm-none-eabi/4.8.4/../../../../arm-none-eabi/lib/armv6-m/libnosys.a(read.o)
                0x0000000000004b28                _read
 .text._sbrk    0x0000000000004b38       0x34 /Applications/KDS_v3.app/Contents/toolchain/bin/../lib/gcc/arm-none-eabi/4.8.4/../../../../arm-none-eabi/lib/armv6-m/libnosys.a(sbrk.o)
                0x0000000000004b38                _sbrk
 .text._write   0x0000000000004b6c       0x10 /Applications/KDS_v3.app/Contents/toolchain/bin/../lib/gcc/arm-none-eabi/4.8.4/../../../../arm-none-eabi/lib/armv6-m/libnosys.a(write.o)
                0x0000000000004b6c                _write
 .text._exit    0x0000000000004b7c        0x4 /Applications/KDS_v3.app/Contents/toolchain/bin/../lib/gcc/arm-none-eabi/4.8.4/../../../../arm-none-eabi/lib/armv6-m/libnosys.a(_exit.o)
                0x0000000000004b7c                _exit
 *(.rodata)
 .rodata        0x0000000000004b80       0x78 ./Sources/gpio.o
 .rodata        0x0000000000004bf8       0x78 ./Sources/i2c.o
 .rodata        0x0000000000004c70       0xf0 ./Sources/main.o
 .rodata        0x0000000000004d60      0x1a8 ./SDK/platform/system/src/clock/MKL02Z4/fsl_clock_MKL02Z4.o
 .rodata        0x0000000000004f08       0x64 ./SDK/platform/osa/src/fsl_os_abstraction_bm.o
 .rodata        0x0000000000004f6c       0x48 ./SDK/platform/hal/src/i2c/fsl_i2c_hal.o
 .rodata        0x0000000000004fb4       0x38 ./SDK/platform/hal/src/gpio/fsl_gpio_hal.o
 .rodata        0x0000000000004fec      0x12c ./SDK/platform/drivers/src/i2c/fsl_i2c_master_driver.o
 .rodata        0x0000000000005118       0x5c ./SDK/platform/drivers/src/i2c/fsl_i2c_shared_function.o
 .rodata        0x0000000000005174      0x124 ./SDK/platform/drivers/src/i2c/fsl_i2c_slave_driver.o
 .rodata        0x0000000000005298       0x2c ./Generated_Code/osa1.o
 .rodata        0x00000000000052c4       0x78 ./Generated_Code/pin_mux.o
 *(.rodata*)
 .rodata.__func__.4896
                0x000000000000533c       0x18 ./Sources/gpio.o
 .rodata.ParserGPRMC
                0x0000000000005354       0x54 ./Sources/gps.o
 .rodata.ParserGPGSA
                0x00000000000053a8       0x44 ./Sources/gps.o
 .rodata.ParserGPGSV
                0x00000000000053ec       0x4c ./Sources/gps.o
 .rodata.i2c_slave_callback
                0x0000000000005438      0x190 ./Sources/i2c.o
 .rodata.__func__.5098
                0x00000000000055c8       0x14 ./Sources/i2c.o
 .rodata.__func__.5819
                0x00000000000055dc       0x14 ./Sources/main.o
 .rodata.__func__.6117
                0x00000000000055f0       0x18 ./Sources/main.o
 .rodata.__func__.6088
                0x0000000000005608       0x18 ./Sources/main.o
 .rodata.__func__.6083
                0x0000000000005620       0x18 ./Sources/main.o
 .rodata.i2cGateTable
                0x0000000000005638        0x4 ./SDK/platform/system/src/clock/MKL02Z4/fsl_clock_MKL02Z4.o
 .rodata.__func__.5914
                0x000000000000563c       0x1c ./SDK/platform/system/src/clock/MKL02Z4/fsl_clock_MKL02Z4.o
 .rodata.__func__.5935
                0x0000000000005658       0x1c ./SDK/platform/system/src/clock/MKL02Z4/fsl_clock_MKL02Z4.o
 .rodata.g_oscBase
                0x0000000000005674        0x4 ./SDK/platform/system/src/clock/fsl_clock_manager_common.o
                0x0000000000005674                g_oscBase
 .rodata.__func__.5969
                0x0000000000005678       0x10 ./SDK/platform/osa/src/fsl_os_abstraction_bm.o
 .rodata.__func__.5996
                0x0000000000005688       0x10 ./SDK/platform/osa/src/fsl_os_abstraction_bm.o
 .rodata.__func__.6015
                0x0000000000005698       0x10 ./SDK/platform/osa/src/fsl_os_abstraction_bm.o
 .rodata.fllFactorTable.5089
                0x00000000000056a8       0x10 ./SDK/platform/hal/src/mcg/fsl_mcg_hal.o
 .rodata.__func__.5089
                0x00000000000056b8       0x14 ./SDK/platform/hal/src/i2c/fsl_i2c_hal.o
 .rodata.__func__.5004
                0x00000000000056cc       0x14 ./SDK/platform/hal/src/gpio/fsl_gpio_hal.o
 .rodata.g_i2cBase
                0x00000000000056e0        0x8 ./SDK/platform/drivers/src/i2c/fsl_i2c_common.o
                0x00000000000056e0                g_i2cBase
 .rodata.g_i2cIrqId
                0x00000000000056e8        0x4 ./SDK/platform/drivers/src/i2c/fsl_i2c_common.o
                0x00000000000056e8                g_i2cIrqId
 .rodata.__func__.6407
                0x00000000000056ec       0x1c ./SDK/platform/drivers/src/i2c/fsl_i2c_master_driver.o
 .rodata.__func__.6427
                0x0000000000005708       0x1c ./SDK/platform/drivers/src/i2c/fsl_i2c_master_driver.o
 .rodata.__func__.5069
                0x0000000000005724       0x14 ./SDK/platform/drivers/src/i2c/fsl_i2c_shared_function.o
 .rodata.__func__.6317
                0x0000000000005738       0x14 ./SDK/platform/drivers/src/i2c/fsl_i2c_slave_driver.o
 .rodata.__func__.6303
                0x000000000000574c       0x14 ./SDK/platform/drivers/src/i2c/fsl_i2c_slave_driver.o
 .rodata.__func__.6397
                0x0000000000005760       0x18 ./SDK/platform/drivers/src/i2c/fsl_i2c_slave_driver.o
 .rodata.__func__.6818
                0x0000000000005778       0x10 ./Generated_Code/osa1.o
 .rodata.__func__.4914
                0x0000000000005788       0x14 ./Generated_Code/pin_mux.o
 .rodata.str1.1
                0x000000000000579c       0x3c /Applications/KDS_v3.app/Contents/toolchain/bin/../lib/gcc/arm-none-eabi/4.8.4/../../../../arm-none-eabi/lib/armv6-m/libg_s.a(lib_a-assert.o)
                                         0x3d (size before relaxing)
 .rodata.str1.1
                0x00000000000057d8        0x2 /Applications/KDS_v3.app/Contents/toolchain/bin/../lib/gcc/arm-none-eabi/4.8.4/../../../../arm-none-eabi/lib/armv6-m/libg_s.a(lib_a-impure.o)
 *fill*         0x00000000000057da        0x2 
 .rodata._global_impure_ptr
                0x00000000000057dc        0x4 /Applications/KDS_v3.app/Contents/toolchain/bin/../lib/gcc/arm-none-eabi/4.8.4/../../../../arm-none-eabi/lib/armv6-m/libg_s.a(lib_a-impure.o)
                0x00000000000057dc                _global_impure_ptr
 .rodata.str1.1
                0x00000000000057e0       0x11 /Applications/KDS_v3.app/Contents/toolchain/bin/../lib/gcc/arm-none-eabi/4.8.4/../../../../arm-none-eabi/lib/armv6-m/libg_s.a(lib_a-vfprintf.o)
 .rodata.str1.1
                0x00000000000057f1       0x22 /Applications/KDS_v3.app/Contents/toolchain/bin/../lib/gcc/arm-none-eabi/4.8.4/../../../../arm-none-eabi/lib/armv6-m/libg_s.a(lib_a-vfprintf_i.o)
 *fill*         0x0000000000005813        0x1 
 .rodata.__sf_fake_stdin
                0x0000000000005814       0x20 /Applications/KDS_v3.app/Contents/toolchain/bin/../lib/gcc/arm-none-eabi/4.8.4/../../../../arm-none-eabi/lib/armv6-m/libg_s.a(lib_a-findfp.o)
                0x0000000000005814                __sf_fake_stdin
 .rodata.__sf_fake_stdout
                0x0000000000005834       0x20 /Applications/KDS_v3.app/Contents/toolchain/bin/../lib/gcc/arm-none-eabi/4.8.4/../../../../arm-none-eabi/lib/armv6-m/libg_s.a(lib_a-findfp.o)
                0x0000000000005834                __sf_fake_stdout
 .rodata.__sf_fake_stderr
                0x0000000000005854       0x20 /Applications/KDS_v3.app/Contents/toolchain/bin/../lib/gcc/arm-none-eabi/4.8.4/../../../../arm-none-eabi/lib/armv6-m/libg_s.a(lib_a-findfp.o)
                0x0000000000005854                __sf_fake_stderr
 *(.glue_7)
 .glue_7        0x0000000000000000        0x0 linker stubs
 *(.glue_7t)
 .glue_7t       0x0000000000000000        0x0 linker stubs
 *(.eh_frame)
 .eh_frame      0x0000000000005874        0x0 /Applications/KDS_v3.app/Contents/toolchain/bin/../lib/gcc/arm-none-eabi/4.8.4/armv6-m/crtbegin.o
 *(.init)
 .init          0x0000000000005874        0x4 /Applications/KDS_v3.app/Contents/toolchain/bin/../lib/gcc/arm-none-eabi/4.8.4/armv6-m/crti.o
                0x0000000000005874                _init
 .init          0x0000000000005878        0x8 /Applications/KDS_v3.app/Contents/toolchain/bin/../lib/gcc/arm-none-eabi/4.8.4/armv6-m/crtn.o
 *(.fini)
 .fini          0x0000000000005880        0x4 /Applications/KDS_v3.app/Contents/toolchain/bin/../lib/gcc/arm-none-eabi/4.8.4/armv6-m/crti.o
                0x0000000000005880                _fini
 .fini          0x0000000000005884        0x8 /Applications/KDS_v3.app/Contents/toolchain/bin/../lib/gcc/arm-none-eabi/4.8.4/armv6-m/crtn.o
                0x000000000000588c                . = ALIGN (0x4)

.vfp11_veneer   0x000000000000588c        0x0
 .vfp11_veneer  0x0000000000000000        0x0 linker stubs

.v4_bx          0x000000000000588c        0x0
 .v4_bx         0x0000000000000000        0x0 linker stubs

.iplt           0x000000000000588c        0x0
 .iplt          0x0000000000000000        0x0 /Applications/KDS_v3.app/Contents/toolchain/bin/../lib/gcc/arm-none-eabi/4.8.4/armv6-m/crtbegin.o

.ARM.extab
 *(.ARM.extab* .gnu.linkonce.armextab.*)

.ARM            0x000000000000588c        0x8
                0x000000000000588c                __exidx_start = .
 *(.ARM.exidx*)
 .ARM.exidx     0x000000000000588c        0x8 /Applications/KDS_v3.app/Contents/toolchain/bin/../lib/gcc/arm-none-eabi/4.8.4/../../../../arm-none-eabi/lib/armv6-m/crt0.o
 .ARM.exidx     0x0000000000005894        0x0 /Applications/KDS_v3.app/Contents/toolchain/bin/../lib/gcc/arm-none-eabi/4.8.4/armv6-m/libgcc.a(_divdi3.o)
                                          0x8 (size before relaxing)
 .ARM.exidx     0x0000000000005894        0x0 /Applications/KDS_v3.app/Contents/toolchain/bin/../lib/gcc/arm-none-eabi/4.8.4/armv6-m/libgcc.a(_udivdi3.o)
                                          0x8 (size before relaxing)
                0x0000000000005894                __exidx_end = .

.rel.dyn        0x0000000000005894        0x0
 .rel.iplt      0x0000000000000000        0x0 /Applications/KDS_v3.app/Contents/toolchain/bin/../lib/gcc/arm-none-eabi/4.8.4/armv6-m/crtbegin.o

.ctors          0x0000000000005894        0x0
                0x0000000000005894                __CTOR_LIST__ = .
 *crtbegin.o(.ctors)
 *crtbegin?.o(.ctors)
 *(EXCLUDE_FILE(*crtend.o *crtend?.o) .ctors)
 *(SORT(.ctors.*))
 *(.ctors)
                0x0000000000005894                __CTOR_END__ = .

.dtors          0x0000000000005894        0x0
                0x0000000000005894                __DTOR_LIST__ = .
 *crtbegin.o(.dtors)
 *crtbegin?.o(.dtors)
 *(EXCLUDE_FILE(*crtend.o *crtend?.o) .dtors)
 *(SORT(.dtors.*))
 *(.dtors)
                0x0000000000005894                __DTOR_END__ = .

.preinit_array  0x0000000000005894        0x0
                0x0000000000005894                PROVIDE (__preinit_array_start, .)
 *(.preinit_array*)
                0x0000000000005894                PROVIDE (__preinit_array_end, .)

.init_array     0x0000000000005894        0x4
                0x0000000000005894                PROVIDE (__init_array_start, .)
 *(SORT(.init_array.*))
 *(.init_array*)
 .init_array    0x0000000000005894        0x4 /Applications/KDS_v3.app/Contents/toolchain/bin/../lib/gcc/arm-none-eabi/4.8.4/armv6-m/crtbegin.o
                0x0000000000005898                PROVIDE (__init_array_end, .)

.fini_array     0x0000000000005898        0x4
                0x0000000000005898                PROVIDE (__fini_array_start, .)
 *(SORT(.fini_array.*))
 *(.fini_array*)
 .fini_array    0x0000000000005898        0x4 /Applications/KDS_v3.app/Contents/toolchain/bin/../lib/gcc/arm-none-eabi/4.8.4/armv6-m/crtbegin.o
                0x000000000000589c                PROVIDE (__fini_array_end, .)
                0x000000000000589c                __etext = .
                0x000000000000589c                __DATA_ROM = .

.mtb            0x000000001ffffe00        0x0
                0x000000001ffffe00                . = ALIGN (0x8)
                0x000000001ffffe00                _mtb_start = .
 *(.mtb_buf)
                0x000000001ffffe00                . = ALIGN (0x8)
                0x000000001ffffe00                _mtb_end = .

.data           0x000000001ffffe00       0x7c load address 0x000000000000589c
                0x000000001ffffe00                . = ALIGN (0x4)
                0x000000001ffffe00                __DATA_RAM = .
                0x000000001ffffe00                __data_start__ = .
 *(.data)
 *(.data*)
 .data.NMEA_CMD_Buff
                0x000000001ffffe00        0x8 ./Sources/gps.o
 .data.RegScanData
                0x000000001ffffe08        0x4 ./Sources/i2c.o
                0x000000001ffffe08                RegScanData
 .data.g_fastInternalRefClkFreq
                0x000000001ffffe0c        0x4 ./SDK/platform/hal/src/mcg/fsl_mcg_hal.o
                0x000000001ffffe0c                g_fastInternalRefClkFreq
 .data.g_slowInternalRefClkFreq
                0x000000001ffffe10        0x4 ./SDK/platform/hal/src/mcg/fsl_mcg_hal.o
                0x000000001ffffe10                g_slowInternalRefClkFreq
 .data.impure_data
                0x000000001ffffe14       0x60 /Applications/KDS_v3.app/Contents/toolchain/bin/../lib/gcc/arm-none-eabi/4.8.4/../../../../arm-none-eabi/lib/armv6-m/libg_s.a(lib_a-impure.o)
 .data._impure_ptr
                0x000000001ffffe74        0x4 /Applications/KDS_v3.app/Contents/toolchain/bin/../lib/gcc/arm-none-eabi/4.8.4/../../../../arm-none-eabi/lib/armv6-m/libg_s.a(lib_a-impure.o)
                0x000000001ffffe74                _impure_ptr
 *(.jcr*)
 .jcr           0x000000001ffffe78        0x0 /Applications/KDS_v3.app/Contents/toolchain/bin/../lib/gcc/arm-none-eabi/4.8.4/armv6-m/crtbegin.o
 .jcr           0x000000001ffffe78        0x4 /Applications/KDS_v3.app/Contents/toolchain/bin/../lib/gcc/arm-none-eabi/4.8.4/armv6-m/crtend.o
                0x000000001ffffe7c                . = ALIGN (0x4)
                0x000000001ffffe7c                __data_end__ = .
                0x0000000000005918                __DATA_END = (__DATA_ROM + (__data_end__ - __data_start__))
                0x0000000000005918                __m_interrupts_ram_ROMStart = (__DATA_ROM + SIZEOF (.data))

.igot.plt       0x000000001ffffe7c        0x0 load address 0x0000000000005918
 .igot.plt      0x0000000000000000        0x0 /Applications/KDS_v3.app/Contents/toolchain/bin/../lib/gcc/arm-none-eabi/4.8.4/armv6-m/crtbegin.o

.m_interrupts_ram
                0x000000001ffffc00      0x200 load address 0x0000000000005918
                0x000000001ffffc00                . = ALIGN (0x4)
                0x000000001ffffc00                __m_interrupts_ram_RAMStart = .
 *(.m_interrupts_ram)
                0x000000001ffffe00                . = (. + 0x200)
 *fill*         0x000000001ffffc00      0x200 
                0x000000001ffffe00                __m_interrupts_ram_RAMEnd = .
                0x000000001ffffe00                . = ALIGN (0x4)
                0x0000000000000200                __m_interrupts_ram_ROMSize = (__m_interrupts_ram_RAMEnd - __m_interrupts_ram_RAMStart)
                0x0000000000000200                __RAM_VECTOR_TABLE_SIZE_BYTES = (__m_interrupts_ram_RAMEnd - __m_interrupts_ram_RAMStart)

.bss            0x000000001ffffe7c      0x1bc load address 0x0000000000005918
                0x000000001ffffe7c                . = ALIGN (0x4)
                0x000000001ffffe7c                __START_BSS = .
                0x000000001ffffe7c                __bss_start__ = .
 *(.bss)
 .bss           0x000000001ffffe7c       0x1c /Applications/KDS_v3.app/Contents/toolchain/bin/../lib/gcc/arm-none-eabi/4.8.4/armv6-m/crtbegin.o
 *(.bss*)
 .bss.NMEA_CMD  0x000000001ffffe98        0x1 ./Sources/gps.o
 .bss.NMEA_CMD_Index
                0x000000001ffffe99        0x1 ./Sources/gps.o
 .bss.NMEA_CMD_Parsered
                0x000000001ffffe9a        0x1 ./Sources/gps.o
 .bss.NMEA_DAT_Block
                0x000000001ffffe9b        0x1 ./Sources/gps.o
 .bss.NMEA_DAT_BlockIndex
                0x000000001ffffe9c        0x1 ./Sources/gps.o
 .bss.NMEA_CMD_Start
                0x000000001ffffe9d        0x1 ./Sources/gps.o
 .bss.ReciveFlag
                0x000000001ffffe9e        0x1 ./Sources/gps.o
 .bss.ucTempA   0x000000001ffffe9f        0x1 ./Sources/gps.o
 .bss.SateInfoIndex
                0x000000001ffffea0        0x1 ./Sources/gps.o
 *fill*         0x000000001ffffea1        0x3 
 .bss.TxBuff    0x000000001ffffea4       0x14 ./Sources/i2c.o
                0x000000001ffffea4                TxBuff
 .bss.RxBuff    0x000000001ffffeb8       0x14 ./Sources/i2c.o
                0x000000001ffffeb8                RxBuff
 .bss.i2c_send_count
                0x000000001ffffecc        0x1 ./Sources/i2c.o
                0x000000001ffffecc                i2c_send_count
 .bss.i2c_comand
                0x000000001ffffecd        0x1 ./Sources/i2c.o
                0x000000001ffffecd                i2c_comand
 .bss.sys_gpio_test
                0x000000001ffffece        0x1 ./Sources/main.o
                0x000000001ffffece                sys_gpio_test
 .bss.SBUF      0x000000001ffffecf        0x1 ./Sources/uart.o
                0x000000001ffffecf                SBUF
 .bss.g_interruptDisableCount
                0x000000001ffffed0        0x4 ./SDK/platform/system/src/interrupt/fsl_interrupt_manager.o
                0x000000001ffffed0                g_interruptDisableCount
 .bss.g_taskControlBlockPool
                0x000000001ffffed4       0x50 ./SDK/platform/osa/src/fsl_os_abstraction_bm.o
 .bss.g_freeTaskControlBlock
                0x000000001fffff24        0x4 ./SDK/platform/osa/src/fsl_os_abstraction_bm.o
 .bss.g_taskListHead
                0x000000001fffff28       0x10 ./SDK/platform/osa/src/fsl_os_abstraction_bm.o
 .bss.g_i2cStatePtr
                0x000000001fffff38        0x8 ./SDK/platform/drivers/src/i2c/fsl_i2c_common.o
                0x000000001fffff38                g_i2cStatePtr
 .bss.SwTimerIsrCounter
                0x000000001fffff40        0x2 ./Generated_Code/osa1.o
 *fill*         0x000000001fffff42        0x2 
 .bss.__malloc_sbrk_start
                0x000000001fffff44        0x4 /Applications/KDS_v3.app/Contents/toolchain/bin/../lib/gcc/arm-none-eabi/4.8.4/../../../../arm-none-eabi/lib/armv6-m/libg_s.a(lib_a-nano-mallocr.o)
                0x000000001fffff44                __malloc_sbrk_start
 .bss.__malloc_free_list
                0x000000001fffff48        0x4 /Applications/KDS_v3.app/Contents/toolchain/bin/../lib/gcc/arm-none-eabi/4.8.4/../../../../arm-none-eabi/lib/armv6-m/libg_s.a(lib_a-nano-mallocr.o)
                0x000000001fffff48                __malloc_free_list
 .bss.heap_end.4246
                0x000000001fffff4c        0x4 /Applications/KDS_v3.app/Contents/toolchain/bin/../lib/gcc/arm-none-eabi/4.8.4/../../../../arm-none-eabi/lib/armv6-m/libnosys.a(sbrk.o)
 *(COMMON)
 COMMON         0x000000001fffff50       0x81 ./Sources/gps.o
                0x000000001fffff50                GPS_GGA_Data
                0x000000001fffff5c                GPS_RMC_Data
                0x000000001fffff84                GPS_GSA_Data
                0x000000001fffffa0                LongitudeNew
                0x000000001fffffac                GPS_GSV_Data
                0x000000001fffffc8                LatitudeNew
 *fill*         0x000000001fffffd1        0x3 
 COMMON         0x000000001fffffd4       0x58 ./Sources/i2c.o
                0x000000001fffffd4                userConfig
                0x000000001fffffe4                callParam
                0x000000001ffffff4                slave
 COMMON         0x000000002000002c        0x8 ./SDK/platform/hal/src/mcg/fsl_mcg_hal.o
                0x000000002000002c                g_xtal0ClkFreq
                0x0000000020000030                g_xtalRtcClkFreq
 COMMON         0x0000000020000034        0x4 /Applications/KDS_v3.app/Contents/toolchain/bin/../lib/gcc/arm-none-eabi/4.8.4/../../../../arm-none-eabi/lib/armv6-m/libg_s.a(lib_a-reent.o)
                0x0000000020000034                errno
                0x0000000020000038                . = ALIGN (0x4)
                0x0000000020000038                __bss_end__ = .
                0x0000000020000038                __END_BSS = .

.heap           0x0000000020000038        0x0
                0x0000000020000038                . = ALIGN (0x8)
                0x0000000020000038                __end__ = .
                0x0000000020000038                PROVIDE (end, .)
                0x0000000020000038                __HeapBase = .
                0x0000000020000038                . = (. + HEAP_SIZE)
                0x0000000020000038                __HeapLimit = .

.stack          0x0000000020000038      0x100 load address 0x0000000000005ad4
                0x0000000020000038                . = ALIGN (0x8)
                0x0000000020000138                . = (. + STACK_SIZE)
 *fill*         0x0000000020000038      0x100 
                0x0000000020000c00                __StackTop = (ORIGIN (m_data) + 0xe00)
                0x0000000020000b00                __StackLimit = (__StackTop - STACK_SIZE)
                0x0000000020000c00                PROVIDE (__stack, __StackTop)

.ARM.attributes
                0x0000000000000000       0x28
 *(.ARM.attributes)
 .ARM.attributes
                0x0000000000000000       0x1e /Applications/KDS_v3.app/Contents/toolchain/bin/../lib/gcc/arm-none-eabi/4.8.4/armv6-m/crti.o
 .ARM.attributes
                0x000000000000001e       0x2c /Applications/KDS_v3.app/Contents/toolchain/bin/../lib/gcc/arm-none-eabi/4.8.4/armv6-m/crtbegin.o
 .ARM.attributes
                0x000000000000004a       0x1b /Applications/KDS_v3.app/Contents/toolchain/bin/../lib/gcc/arm-none-eabi/4.8.4/../../../../arm-none-eabi/lib/armv6-m/crt0.o
 .ARM.attributes
                0x0000000000000065       0x32 ./Static_Code/System/PE_low_level_init.o
 .ARM.attributes
                0x0000000000000097       0x32 ./Sources/Events.o
 .ARM.attributes
                0x00000000000000c9       0x32 ./Sources/delay.o
 .ARM.attributes
                0x00000000000000fb       0x32 ./Sources/gpio.o
 .ARM.attributes
                0x000000000000012d       0x32 ./Sources/gps.o
 .ARM.attributes
                0x000000000000015f       0x32 ./Sources/i2c.o
 .ARM.attributes
                0x0000000000000191       0x32 ./Sources/main.o
 .ARM.attributes
                0x00000000000001c3       0x32 ./Sources/uart.o
 .ARM.attributes
                0x00000000000001f5       0x32 ./SDK/platform/system/src/interrupt/fsl_interrupt_manager.o
 .ARM.attributes
                0x0000000000000227       0x32 ./SDK/platform/system/src/clock/MKL02Z4/fsl_clock_MKL02Z4.o
 .ARM.attributes
                0x0000000000000259       0x32 ./SDK/platform/system/src/clock/fsl_clock_manager.o
 .ARM.attributes
                0x000000000000028b       0x32 ./SDK/platform/system/src/clock/fsl_clock_manager_common.o
 .ARM.attributes
                0x00000000000002bd       0x32 ./SDK/platform/osa/src/fsl_os_abstraction_bm.o
 .ARM.attributes
                0x00000000000002ef       0x32 ./SDK/platform/hal/src/mcg/fsl_mcg_hal.o
 .ARM.attributes
                0x0000000000000321       0x32 ./SDK/platform/hal/src/lpsci/fsl_lpsci_hal.o
 .ARM.attributes
                0x0000000000000353       0x32 ./SDK/platform/hal/src/i2c/fsl_i2c_hal.o
 .ARM.attributes
                0x0000000000000385       0x32 ./SDK/platform/hal/src/gpio/fsl_gpio_hal.o
 .ARM.attributes
                0x00000000000003b7       0x32 ./SDK/platform/drivers/src/i2c/fsl_i2c_common.o
 .ARM.attributes
                0x00000000000003e9       0x32 ./SDK/platform/drivers/src/i2c/fsl_i2c_master_driver.o
 .ARM.attributes
                0x000000000000041b       0x32 ./SDK/platform/drivers/src/i2c/fsl_i2c_shared_function.o
 .ARM.attributes
                0x000000000000044d       0x32 ./SDK/platform/drivers/src/i2c/fsl_i2c_slave_driver.o
 .ARM.attributes
                0x000000000000047f       0x1b ./SDK/platform/devices/MKL02Z4/startup/gcc/startup_MKL02Z4.o
 .ARM.attributes
                0x000000000000049a       0x32 ./SDK/platform/devices/MKL02Z4/startup/system_MKL02Z4.o
 .ARM.attributes
                0x00000000000004cc       0x32 ./SDK/platform/devices/startup.o
 .ARM.attributes
                0x00000000000004fe       0x32 ./Generated_Code/Cpu.o
 .ARM.attributes
                0x0000000000000530       0x32 ./Generated_Code/hardware_init.o
 .ARM.attributes
                0x0000000000000562       0x32 ./Generated_Code/osa1.o
 .ARM.attributes
                0x0000000000000594       0x32 ./Generated_Code/pin_mux.o
 .ARM.attributes
                0x00000000000005c6       0x1e /Applications/KDS_v3.app/Contents/toolchain/bin/../lib/gcc/arm-none-eabi/4.8.4/armv6-m/libgcc.a(_udivsi3.o)
 .ARM.attributes
                0x00000000000005e4       0x1e /Applications/KDS_v3.app/Contents/toolchain/bin/../lib/gcc/arm-none-eabi/4.8.4/armv6-m/libgcc.a(_dvmd_tls.o)
 .ARM.attributes
                0x0000000000000602       0x1e /Applications/KDS_v3.app/Contents/toolchain/bin/../lib/gcc/arm-none-eabi/4.8.4/armv6-m/libgcc.a(_aeabi_uldivmod.o)
 .ARM.attributes
                0x0000000000000620       0x2c /Applications/KDS_v3.app/Contents/toolchain/bin/../lib/gcc/arm-none-eabi/4.8.4/armv6-m/libgcc.a(_muldi3.o)
 .ARM.attributes
                0x000000000000064c       0x2c /Applications/KDS_v3.app/Contents/toolchain/bin/../lib/gcc/arm-none-eabi/4.8.4/armv6-m/libgcc.a(bpabi.o)
 .ARM.attributes
                0x0000000000000678       0x2c /Applications/KDS_v3.app/Contents/toolchain/bin/../lib/gcc/arm-none-eabi/4.8.4/armv6-m/libgcc.a(_divdi3.o)
 .ARM.attributes
                0x00000000000006a4       0x2c /Applications/KDS_v3.app/Contents/toolchain/bin/../lib/gcc/arm-none-eabi/4.8.4/armv6-m/libgcc.a(_udivdi3.o)
 .ARM.attributes
                0x00000000000006d0       0x1e /Applications/KDS_v3.app/Contents/toolchain/bin/../lib/gcc/arm-none-eabi/4.8.4/armv6-m/libgcc.a(_clzsi2.o)
 .ARM.attributes
                0x00000000000006ee       0x2c /Applications/KDS_v3.app/Contents/toolchain/bin/../lib/gcc/arm-none-eabi/4.8.4/../../../../arm-none-eabi/lib/armv6-m/libg_s.a(lib_a-assert.o)
 .ARM.attributes
                0x000000000000071a       0x2c /Applications/KDS_v3.app/Contents/toolchain/bin/../lib/gcc/arm-none-eabi/4.8.4/../../../../arm-none-eabi/lib/armv6-m/libg_s.a(lib_a-exit.o)
 .ARM.attributes
                0x0000000000000746       0x2c /Applications/KDS_v3.app/Contents/toolchain/bin/../lib/gcc/arm-none-eabi/4.8.4/../../../../arm-none-eabi/lib/armv6-m/libg_s.a(lib_a-fprintf.o)
 .ARM.attributes
                0x0000000000000772       0x2c /Applications/KDS_v3.app/Contents/toolchain/bin/../lib/gcc/arm-none-eabi/4.8.4/../../../../arm-none-eabi/lib/armv6-m/libg_s.a(lib_a-impure.o)
 .ARM.attributes
                0x000000000000079e       0x2c /Applications/KDS_v3.app/Contents/toolchain/bin/../lib/gcc/arm-none-eabi/4.8.4/../../../../arm-none-eabi/lib/armv6-m/libg_s.a(lib_a-init.o)
 .ARM.attributes
                0x00000000000007ca       0x2c /Applications/KDS_v3.app/Contents/toolchain/bin/../lib/gcc/arm-none-eabi/4.8.4/../../../../arm-none-eabi/lib/armv6-m/libg_s.a(lib_a-memset.o)
 .ARM.attributes
                0x00000000000007f6       0x2c /Applications/KDS_v3.app/Contents/toolchain/bin/../lib/gcc/arm-none-eabi/4.8.4/../../../../arm-none-eabi/lib/armv6-m/libg_s.a(lib_a-nano-freer.o)
 .ARM.attributes
                0x0000000000000822       0x2c /Applications/KDS_v3.app/Contents/toolchain/bin/../lib/gcc/arm-none-eabi/4.8.4/../../../../arm-none-eabi/lib/armv6-m/libg_s.a(lib_a-nano-mallocr.o)
 .ARM.attributes
                0x000000000000084e       0x2c /Applications/KDS_v3.app/Contents/toolchain/bin/../lib/gcc/arm-none-eabi/4.8.4/../../../../arm-none-eabi/lib/armv6-m/libg_s.a(lib_a-sbrkr.o)
 .ARM.attributes
                0x000000000000087a       0x2c /Applications/KDS_v3.app/Contents/toolchain/bin/../lib/gcc/arm-none-eabi/4.8.4/../../../../arm-none-eabi/lib/armv6-m/libg_s.a(lib_a-vfprintf.o)
 .ARM.attributes
                0x00000000000008a6       0x2c /Applications/KDS_v3.app/Contents/toolchain/bin/../lib/gcc/arm-none-eabi/4.8.4/../../../../arm-none-eabi/lib/armv6-m/libg_s.a(lib_a-vfprintf_i.o)
 .ARM.attributes
                0x00000000000008d2       0x2c /Applications/KDS_v3.app/Contents/toolchain/bin/../lib/gcc/arm-none-eabi/4.8.4/../../../../arm-none-eabi/lib/armv6-m/libg_s.a(lib_a-wbuf.o)
 .ARM.attributes
                0x00000000000008fe       0x2c /Applications/KDS_v3.app/Contents/toolchain/bin/../lib/gcc/arm-none-eabi/4.8.4/../../../../arm-none-eabi/lib/armv6-m/libg_s.a(lib_a-wsetup.o)
 .ARM.attributes
                0x000000000000092a       0x2c /Applications/KDS_v3.app/Contents/toolchain/bin/../lib/gcc/arm-none-eabi/4.8.4/../../../../arm-none-eabi/lib/armv6-m/libg_s.a(lib_a-abort.o)
 .ARM.attributes
                0x0000000000000956       0x2c /Applications/KDS_v3.app/Contents/toolchain/bin/../lib/gcc/arm-none-eabi/4.8.4/../../../../arm-none-eabi/lib/armv6-m/libg_s.a(lib_a-fflush.o)
 .ARM.attributes
                0x0000000000000982       0x2c /Applications/KDS_v3.app/Contents/toolchain/bin/../lib/gcc/arm-none-eabi/4.8.4/../../../../arm-none-eabi/lib/armv6-m/libg_s.a(lib_a-findfp.o)
 .ARM.attributes
                0x00000000000009ae       0x2c /Applications/KDS_v3.app/Contents/toolchain/bin/../lib/gcc/arm-none-eabi/4.8.4/../../../../arm-none-eabi/lib/armv6-m/libg_s.a(lib_a-makebuf.o)
 .ARM.attributes
                0x00000000000009da       0x2c /Applications/KDS_v3.app/Contents/toolchain/bin/../lib/gcc/arm-none-eabi/4.8.4/../../../../arm-none-eabi/lib/armv6-m/libg_s.a(lib_a-memchr-stub.o)
 .ARM.attributes
                0x0000000000000a06       0x2c /Applications/KDS_v3.app/Contents/toolchain/bin/../lib/gcc/arm-none-eabi/4.8.4/../../../../arm-none-eabi/lib/armv6-m/libg_s.a(lib_a-reent.o)
 .ARM.attributes
                0x0000000000000a32       0x2c /Applications/KDS_v3.app/Contents/toolchain/bin/../lib/gcc/arm-none-eabi/4.8.4/../../../../arm-none-eabi/lib/armv6-m/libg_s.a(lib_a-signal.o)
 .ARM.attributes
                0x0000000000000a5e       0x2c /Applications/KDS_v3.app/Contents/toolchain/bin/../lib/gcc/arm-none-eabi/4.8.4/../../../../arm-none-eabi/lib/armv6-m/libg_s.a(lib_a-signalr.o)
 .ARM.attributes
                0x0000000000000a8a       0x2c /Applications/KDS_v3.app/Contents/toolchain/bin/../lib/gcc/arm-none-eabi/4.8.4/../../../../arm-none-eabi/lib/armv6-m/libg_s.a(lib_a-stdio.o)
 .ARM.attributes
                0x0000000000000ab6       0x2c /Applications/KDS_v3.app/Contents/toolchain/bin/../lib/gcc/arm-none-eabi/4.8.4/../../../../arm-none-eabi/lib/armv6-m/libg_s.a(lib_a-strlen.o)
 .ARM.attributes
                0x0000000000000ae2       0x2c /Applications/KDS_v3.app/Contents/toolchain/bin/../lib/gcc/arm-none-eabi/4.8.4/../../../../arm-none-eabi/lib/armv6-m/libg_s.a(lib_a-writer.o)
 .ARM.attributes
                0x0000000000000b0e       0x2c /Applications/KDS_v3.app/Contents/toolchain/bin/../lib/gcc/arm-none-eabi/4.8.4/../../../../arm-none-eabi/lib/armv6-m/libg_s.a(lib_a-closer.o)
 .ARM.attributes
                0x0000000000000b3a       0x2c /Applications/KDS_v3.app/Contents/toolchain/bin/../lib/gcc/arm-none-eabi/4.8.4/../../../../arm-none-eabi/lib/armv6-m/libg_s.a(lib_a-fstatr.o)
 .ARM.attributes
                0x0000000000000b66       0x2c /Applications/KDS_v3.app/Contents/toolchain/bin/../lib/gcc/arm-none-eabi/4.8.4/../../../../arm-none-eabi/lib/armv6-m/libg_s.a(lib_a-isattyr.o)
 .ARM.attributes
                0x0000000000000b92       0x2c /Applications/KDS_v3.app/Contents/toolchain/bin/../lib/gcc/arm-none-eabi/4.8.4/../../../../arm-none-eabi/lib/armv6-m/libg_s.a(lib_a-lseekr.o)
 .ARM.attributes
                0x0000000000000bbe       0x2c /Applications/KDS_v3.app/Contents/toolchain/bin/../lib/gcc/arm-none-eabi/4.8.4/../../../../arm-none-eabi/lib/armv6-m/libg_s.a(lib_a-readr.o)
 .ARM.attributes
                0x0000000000000bea       0x2c /Applications/KDS_v3.app/Contents/toolchain/bin/../lib/gcc/arm-none-eabi/4.8.4/../../../../arm-none-eabi/lib/armv6-m/libnosys.a(close.o)
 .ARM.attributes
                0x0000000000000c16       0x2c /Applications/KDS_v3.app/Contents/toolchain/bin/../lib/gcc/arm-none-eabi/4.8.4/../../../../arm-none-eabi/lib/armv6-m/libnosys.a(fstat.o)
 .ARM.attributes
                0x0000000000000c42       0x2c /Applications/KDS_v3.app/Contents/toolchain/bin/../lib/gcc/arm-none-eabi/4.8.4/../../../../arm-none-eabi/lib/armv6-m/libnosys.a(getpid.o)
 .ARM.attributes
                0x0000000000000c6e       0x2c /Applications/KDS_v3.app/Contents/toolchain/bin/../lib/gcc/arm-none-eabi/4.8.4/../../../../arm-none-eabi/lib/armv6-m/libnosys.a(isatty.o)
 .ARM.attributes
                0x0000000000000c9a       0x2c /Applications/KDS_v3.app/Contents/toolchain/bin/../lib/gcc/arm-none-eabi/4.8.4/../../../../arm-none-eabi/lib/armv6-m/libnosys.a(kill.o)
 .ARM.attributes
                0x0000000000000cc6       0x2c /Applications/KDS_v3.app/Contents/toolchain/bin/../lib/gcc/arm-none-eabi/4.8.4/../../../../arm-none-eabi/lib/armv6-m/libnosys.a(lseek.o)
 .ARM.attributes
                0x0000000000000cf2       0x2c /Applications/KDS_v3.app/Contents/toolchain/bin/../lib/gcc/arm-none-eabi/4.8.4/../../../../arm-none-eabi/lib/armv6-m/libnosys.a(read.o)
 .ARM.attributes
                0x0000000000000d1e       0x2c /Applications/KDS_v3.app/Contents/toolchain/bin/../lib/gcc/arm-none-eabi/4.8.4/../../../../arm-none-eabi/lib/armv6-m/libnosys.a(sbrk.o)
 .ARM.attributes
                0x0000000000000d4a       0x2c /Applications/KDS_v3.app/Contents/toolchain/bin/../lib/gcc/arm-none-eabi/4.8.4/../../../../arm-none-eabi/lib/armv6-m/libnosys.a(write.o)
 .ARM.attributes
                0x0000000000000d76       0x2c /Applications/KDS_v3.app/Contents/toolchain/bin/../lib/gcc/arm-none-eabi/4.8.4/../../../../arm-none-eabi/lib/armv6-m/libnosys.a(_exit.o)
 .ARM.attributes
                0x0000000000000da2       0x2c /Applications/KDS_v3.app/Contents/toolchain/bin/../lib/gcc/arm-none-eabi/4.8.4/armv6-m/crtend.o
 .ARM.attributes
                0x0000000000000dce       0x1e /Applications/KDS_v3.app/Contents/toolchain/bin/../lib/gcc/arm-none-eabi/4.8.4/armv6-m/crtn.o
OUTPUT(xadow_phone_gps_v2.elf elf32-littlearm)

.debug_info     0x0000000000000000     0xb08d
 .debug_info    0x0000000000000000      0x18d ./Static_Code/System/PE_low_level_init.o
 .debug_info    0x000000000000018d      0x18d ./Sources/Events.o
 .debug_info    0x000000000000031a       0xcc ./Sources/delay.o
 .debug_info    0x00000000000003e6      0x188 ./Sources/gpio.o
 .debug_info    0x000000000000056e      0x4b7 ./Sources/gps.o
 .debug_info    0x0000000000000a25      0x95b ./Sources/i2c.o
 .debug_info    0x0000000000001380      0x58d ./Sources/main.o
 .debug_info    0x000000000000190d      0x5fe ./Sources/uart.o
 .debug_info    0x0000000000001f0b      0x290 ./SDK/platform/system/src/interrupt/fsl_interrupt_manager.o
 .debug_info    0x000000000000219b     0x121f ./SDK/platform/system/src/clock/MKL02Z4/fsl_clock_MKL02Z4.o
 .debug_info    0x00000000000033ba      0xcff ./SDK/platform/system/src/clock/fsl_clock_manager.o
 .debug_info    0x00000000000040b9      0x3fd ./SDK/platform/system/src/clock/fsl_clock_manager_common.o
 .debug_info    0x00000000000044b6      0xefd ./SDK/platform/osa/src/fsl_os_abstraction_bm.o
 .debug_info    0x00000000000053b3      0x978 ./SDK/platform/hal/src/mcg/fsl_mcg_hal.o
 .debug_info    0x0000000000005d2b      0x8dd ./SDK/platform/hal/src/lpsci/fsl_lpsci_hal.o
 .debug_info    0x0000000000006608      0x88b ./SDK/platform/hal/src/i2c/fsl_i2c_hal.o
 .debug_info    0x0000000000006e93      0x2f0 ./SDK/platform/hal/src/gpio/fsl_gpio_hal.o
 .debug_info    0x0000000000007183      0x277 ./SDK/platform/drivers/src/i2c/fsl_i2c_common.o
 .debug_info    0x00000000000073fa     0x111b ./SDK/platform/drivers/src/i2c/fsl_i2c_master_driver.o
 .debug_info    0x0000000000008515      0x1e6 ./SDK/platform/drivers/src/i2c/fsl_i2c_shared_function.o
 .debug_info    0x00000000000086fb     0x109a ./SDK/platform/drivers/src/i2c/fsl_i2c_slave_driver.o
 .debug_info    0x0000000000009795       0xb2 ./SDK/platform/devices/MKL02Z4/startup/gcc/startup_MKL02Z4.o
 .debug_info    0x0000000000009847      0x533 ./SDK/platform/devices/MKL02Z4/startup/system_MKL02Z4.o
 .debug_info    0x0000000000009d7a      0x296 ./SDK/platform/devices/startup.o
 .debug_info    0x000000000000a010      0x17c ./Generated_Code/Cpu.o
 .debug_info    0x000000000000a18c      0x350 ./Generated_Code/hardware_init.o
 .debug_info    0x000000000000a4dc      0x5a6 ./Generated_Code/osa1.o
 .debug_info    0x000000000000aa82      0x60b ./Generated_Code/pin_mux.o

.debug_abbrev   0x0000000000000000     0x2770
 .debug_abbrev  0x0000000000000000       0xb5 ./Static_Code/System/PE_low_level_init.o
 .debug_abbrev  0x00000000000000b5       0xcd ./Sources/Events.o
 .debug_abbrev  0x0000000000000182       0x79 ./Sources/delay.o
 .debug_abbrev  0x00000000000001fb       0xff ./Sources/gpio.o
 .debug_abbrev  0x00000000000002fa      0x149 ./Sources/gps.o
 .debug_abbrev  0x0000000000000443      0x1eb ./Sources/i2c.o
 .debug_abbrev  0x000000000000062e      0x182 ./Sources/main.o
 .debug_abbrev  0x00000000000007b0      0x189 ./Sources/uart.o
 .debug_abbrev  0x0000000000000939      0x128 ./SDK/platform/system/src/interrupt/fsl_interrupt_manager.o
 .debug_abbrev  0x0000000000000a61      0x29e ./SDK/platform/system/src/clock/MKL02Z4/fsl_clock_MKL02Z4.o
 .debug_abbrev  0x0000000000000cff      0x24d ./SDK/platform/system/src/clock/fsl_clock_manager.o
 .debug_abbrev  0x0000000000000f4c       0xde ./SDK/platform/system/src/clock/fsl_clock_manager_common.o
 .debug_abbrev  0x000000000000102a      0x21f ./SDK/platform/osa/src/fsl_os_abstraction_bm.o
 .debug_abbrev  0x0000000000001249      0x22c ./SDK/platform/hal/src/mcg/fsl_mcg_hal.o
 .debug_abbrev  0x0000000000001475      0x211 ./SDK/platform/hal/src/lpsci/fsl_lpsci_hal.o
 .debug_abbrev  0x0000000000001686      0x226 ./SDK/platform/hal/src/i2c/fsl_i2c_hal.o
 .debug_abbrev  0x00000000000018ac      0x11b ./SDK/platform/hal/src/gpio/fsl_gpio_hal.o
 .debug_abbrev  0x00000000000019c7       0xb8 ./SDK/platform/drivers/src/i2c/fsl_i2c_common.o
 .debug_abbrev  0x0000000000001a7f      0x295 ./SDK/platform/drivers/src/i2c/fsl_i2c_master_driver.o
 .debug_abbrev  0x0000000000001d14      0x10b ./SDK/platform/drivers/src/i2c/fsl_i2c_shared_function.o
 .debug_abbrev  0x0000000000001e1f      0x246 ./SDK/platform/drivers/src/i2c/fsl_i2c_slave_driver.o
 .debug_abbrev  0x0000000000002065       0x14 ./SDK/platform/devices/MKL02Z4/startup/gcc/startup_MKL02Z4.o
 .debug_abbrev  0x0000000000002079      0x109 ./SDK/platform/devices/MKL02Z4/startup/system_MKL02Z4.o
 .debug_abbrev  0x0000000000002182       0xe9 ./SDK/platform/devices/startup.o
 .debug_abbrev  0x000000000000226b       0xb5 ./Generated_Code/Cpu.o
 .debug_abbrev  0x0000000000002320      0x10c ./Generated_Code/hardware_init.o
 .debug_abbrev  0x000000000000242c      0x1d0 ./Generated_Code/osa1.o
 .debug_abbrev  0x00000000000025fc      0x174 ./Generated_Code/pin_mux.o

.debug_aranges  0x0000000000000000      0xbd8
 .debug_aranges
                0x0000000000000000       0x28 ./Static_Code/System/PE_low_level_init.o
 .debug_aranges
                0x0000000000000028       0x28 ./Sources/Events.o
 .debug_aranges
                0x0000000000000050       0x28 ./Sources/delay.o
 .debug_aranges
                0x0000000000000078       0x28 ./Sources/gpio.o
 .debug_aranges
                0x00000000000000a0       0x58 ./Sources/gps.o
 .debug_aranges
                0x00000000000000f8       0x38 ./Sources/i2c.o
 .debug_aranges
                0x0000000000000130       0x48 ./Sources/main.o
 .debug_aranges
                0x0000000000000178       0x50 ./Sources/uart.o
 .debug_aranges
                0x00000000000001c8       0x30 ./SDK/platform/system/src/interrupt/fsl_interrupt_manager.o
 .debug_aranges
                0x00000000000001f8      0x188 ./SDK/platform/system/src/clock/MKL02Z4/fsl_clock_MKL02Z4.o
 .debug_aranges
                0x0000000000000380       0xb0 ./SDK/platform/system/src/clock/fsl_clock_manager.o
 .debug_aranges
                0x0000000000000430       0x18 ./SDK/platform/system/src/clock/fsl_clock_manager_common.o
 .debug_aranges
                0x0000000000000448      0x148 ./SDK/platform/osa/src/fsl_os_abstraction_bm.o
 .debug_aranges
                0x0000000000000590       0xa8 ./SDK/platform/hal/src/mcg/fsl_mcg_hal.o
 .debug_aranges
                0x0000000000000638       0xb8 ./SDK/platform/hal/src/lpsci/fsl_lpsci_hal.o
 .debug_aranges
                0x00000000000006f0       0xc8 ./SDK/platform/hal/src/i2c/fsl_i2c_hal.o
 .debug_aranges
                0x00000000000007b8       0x38 ./SDK/platform/hal/src/gpio/fsl_gpio_hal.o
 .debug_aranges
                0x00000000000007f0       0x18 ./SDK/platform/drivers/src/i2c/fsl_i2c_common.o
 .debug_aranges
                0x0000000000000808      0x118 ./SDK/platform/drivers/src/i2c/fsl_i2c_master_driver.o
 .debug_aranges
                0x0000000000000920       0x28 ./SDK/platform/drivers/src/i2c/fsl_i2c_shared_function.o
 .debug_aranges
                0x0000000000000948      0x118 ./SDK/platform/drivers/src/i2c/fsl_i2c_slave_driver.o
 .debug_aranges
                0x0000000000000a60       0x20 ./SDK/platform/devices/MKL02Z4/startup/gcc/startup_MKL02Z4.o
 .debug_aranges
                0x0000000000000a80       0x28 ./SDK/platform/devices/MKL02Z4/startup/system_MKL02Z4.o
 .debug_aranges
                0x0000000000000aa8       0x20 ./SDK/platform/devices/startup.o
 .debug_aranges
                0x0000000000000ac8       0x20 ./Generated_Code/Cpu.o
 .debug_aranges
                0x0000000000000ae8       0x28 ./Generated_Code/hardware_init.o
 .debug_aranges
                0x0000000000000b10       0x48 ./Generated_Code/osa1.o
 .debug_aranges
                0x0000000000000b58       0x80 ./Generated_Code/pin_mux.o

.debug_ranges   0x0000000000000000      0x9f8
 .debug_ranges  0x0000000000000000       0x18 ./Static_Code/System/PE_low_level_init.o
 .debug_ranges  0x0000000000000018       0x18 ./Sources/Events.o
 .debug_ranges  0x0000000000000030       0x18 ./Sources/delay.o
 .debug_ranges  0x0000000000000048       0x18 ./Sources/gpio.o
 .debug_ranges  0x0000000000000060       0x48 ./Sources/gps.o
 .debug_ranges  0x00000000000000a8       0x28 ./Sources/i2c.o
 .debug_ranges  0x00000000000000d0       0x38 ./Sources/main.o
 .debug_ranges  0x0000000000000108       0x40 ./Sources/uart.o
 .debug_ranges  0x0000000000000148       0x20 ./SDK/platform/system/src/interrupt/fsl_interrupt_manager.o
 .debug_ranges  0x0000000000000168      0x178 ./SDK/platform/system/src/clock/MKL02Z4/fsl_clock_MKL02Z4.o
 .debug_ranges  0x00000000000002e0       0xa0 ./SDK/platform/system/src/clock/fsl_clock_manager.o
 .debug_ranges  0x0000000000000380      0x138 ./SDK/platform/osa/src/fsl_os_abstraction_bm.o
 .debug_ranges  0x00000000000004b8       0x98 ./SDK/platform/hal/src/mcg/fsl_mcg_hal.o
 .debug_ranges  0x0000000000000550       0xa8 ./SDK/platform/hal/src/lpsci/fsl_lpsci_hal.o
 .debug_ranges  0x00000000000005f8       0xb8 ./SDK/platform/hal/src/i2c/fsl_i2c_hal.o
 .debug_ranges  0x00000000000006b0       0x28 ./SDK/platform/hal/src/gpio/fsl_gpio_hal.o
 .debug_ranges  0x00000000000006d8      0x108 ./SDK/platform/drivers/src/i2c/fsl_i2c_master_driver.o
 .debug_ranges  0x00000000000007e0       0x18 ./SDK/platform/drivers/src/i2c/fsl_i2c_shared_function.o
 .debug_ranges  0x00000000000007f8      0x108 ./SDK/platform/drivers/src/i2c/fsl_i2c_slave_driver.o
 .debug_ranges  0x0000000000000900       0x18 ./SDK/platform/devices/MKL02Z4/startup/system_MKL02Z4.o
 .debug_ranges  0x0000000000000918       0x10 ./SDK/platform/devices/startup.o
 .debug_ranges  0x0000000000000928       0x10 ./Generated_Code/Cpu.o
 .debug_ranges  0x0000000000000938       0x18 ./Generated_Code/hardware_init.o
 .debug_ranges  0x0000000000000950       0x38 ./Generated_Code/osa1.o
 .debug_ranges  0x0000000000000988       0x70 ./Generated_Code/pin_mux.o

.debug_macro    0x0000000000000000     0xe5c2
 .debug_macro   0x0000000000000000      0x30d ./Static_Code/System/PE_low_level_init.o
 .debug_macro   0x000000000000030d      0x80e ./Static_Code/System/PE_low_level_init.o
 .debug_macro   0x0000000000000b1b       0x11 ./Static_Code/System/PE_low_level_init.o
 .debug_macro   0x0000000000000b2c       0x16 ./Static_Code/System/PE_low_level_init.o
 .debug_macro   0x0000000000000b42       0x16 ./Static_Code/System/PE_low_level_init.o
 .debug_macro   0x0000000000000b58       0x44 ./Static_Code/System/PE_low_level_init.o
 .debug_macro   0x0000000000000b9c      0x209 ./Static_Code/System/PE_low_level_init.o
 .debug_macro   0x0000000000000da5       0x39 ./Static_Code/System/PE_low_level_init.o
 .debug_macro   0x0000000000000dde       0x3a ./Static_Code/System/PE_low_level_init.o
 .debug_macro   0x0000000000000e18       0x1f ./Static_Code/System/PE_low_level_init.o
 .debug_macro   0x0000000000000e37      0x250 ./Static_Code/System/PE_low_level_init.o
 .debug_macro   0x0000000000001087       0x96 ./Static_Code/System/PE_low_level_init.o
 .debug_macro   0x000000000000111d     0x4b05 ./Static_Code/System/PE_low_level_init.o
 .debug_macro   0x0000000000005c22       0x58 ./Static_Code/System/PE_low_level_init.o
 .debug_macro   0x0000000000005c7a       0x35 ./Static_Code/System/PE_low_level_init.o
 .debug_macro   0x0000000000005caf       0xa3 ./Static_Code/System/PE_low_level_init.o
 .debug_macro   0x0000000000005d52       0x16 ./Static_Code/System/PE_low_level_init.o
 .debug_macro   0x0000000000005d68      0x10e ./Static_Code/System/PE_low_level_init.o
 .debug_macro   0x0000000000005e76       0x7f ./Static_Code/System/PE_low_level_init.o
 .debug_macro   0x0000000000005ef5       0x52 ./Static_Code/System/PE_low_level_init.o
 .debug_macro   0x0000000000005f47       0x16 ./Static_Code/System/PE_low_level_init.o
 .debug_macro   0x0000000000005f5d       0x43 ./Static_Code/System/PE_low_level_init.o
 .debug_macro   0x0000000000005fa0      0x180 ./Static_Code/System/PE_low_level_init.o
 .debug_macro   0x0000000000006120       0x22 ./Static_Code/System/PE_low_level_init.o
 .debug_macro   0x0000000000006142       0x7c ./Static_Code/System/PE_low_level_init.o
 .debug_macro   0x00000000000061be     0x3d57 ./Static_Code/System/PE_low_level_init.o
 .debug_macro   0x0000000000009f15      0xc29 ./Static_Code/System/PE_low_level_init.o
 .debug_macro   0x000000000000ab3e       0x22 ./Static_Code/System/PE_low_level_init.o
 .debug_macro   0x000000000000ab60       0x16 ./Static_Code/System/PE_low_level_init.o
 .debug_macro   0x000000000000ab76       0x10 ./Static_Code/System/PE_low_level_init.o
 .debug_macro   0x000000000000ab86       0x11 ./Static_Code/System/PE_low_level_init.o
 .debug_macro   0x000000000000ab97       0x10 ./Static_Code/System/PE_low_level_init.o
 .debug_macro   0x000000000000aba7       0x12 ./Static_Code/System/PE_low_level_init.o
 .debug_macro   0x000000000000abb9       0x10 ./Static_Code/System/PE_low_level_init.o
 .debug_macro   0x000000000000abc9       0x3e ./Static_Code/System/PE_low_level_init.o
 .debug_macro   0x000000000000ac07       0x12 ./Static_Code/System/PE_low_level_init.o
 .debug_macro   0x000000000000ac19       0x10 ./Static_Code/System/PE_low_level_init.o
 .debug_macro   0x000000000000ac29       0x22 ./Static_Code/System/PE_low_level_init.o
 .debug_macro   0x000000000000ac4b       0x10 ./Static_Code/System/PE_low_level_init.o
 .debug_macro   0x000000000000ac5b       0x1c ./Static_Code/System/PE_low_level_init.o
 .debug_macro   0x000000000000ac77      0x2f3 ./Sources/Events.o
 .debug_macro   0x000000000000af6a      0x111 ./Sources/delay.o
 .debug_macro   0x000000000000b07b      0x178 ./Sources/gpio.o
 .debug_macro   0x000000000000b1f3       0x4a ./Sources/gpio.o
 .debug_macro   0x000000000000b23d       0x4b ./Sources/gpio.o
 .debug_macro   0x000000000000b288       0x6c ./Sources/gps.o
 .debug_macro   0x000000000000b2f4       0xdc ./Sources/gps.o
 .debug_macro   0x000000000000b3d0      0x1eb ./Sources/i2c.o
 .debug_macro   0x000000000000b5bb      0x2a6 ./Sources/i2c.o
 .debug_macro   0x000000000000b861       0x10 ./Sources/i2c.o
 .debug_macro   0x000000000000b871       0x35 ./Sources/i2c.o
 .debug_macro   0x000000000000b8a6      0x20f ./Sources/i2c.o
 .debug_macro   0x000000000000bab5       0x82 ./Sources/i2c.o
 .debug_macro   0x000000000000bb37      0x31a ./Sources/main.o
 .debug_macro   0x000000000000be51      0x2df ./Sources/uart.o
 .debug_macro   0x000000000000c130      0x177 ./SDK/platform/system/src/interrupt/fsl_interrupt_manager.o
 .debug_macro   0x000000000000c2a7      0x1ec ./SDK/platform/system/src/clock/MKL02Z4/fsl_clock_MKL02Z4.o
 .debug_macro   0x000000000000c493      0x221 ./SDK/platform/system/src/clock/fsl_clock_manager.o
 .debug_macro   0x000000000000c6b4      0x1ee ./SDK/platform/system/src/clock/fsl_clock_manager_common.o
 .debug_macro   0x000000000000c8a2      0x218 ./SDK/platform/osa/src/fsl_os_abstraction_bm.o
 .debug_macro   0x000000000000caba      0x179 ./SDK/platform/hal/src/mcg/fsl_mcg_hal.o
 .debug_macro   0x000000000000cc33      0x174 ./SDK/platform/hal/src/lpsci/fsl_lpsci_hal.o
 .debug_macro   0x000000000000cda7      0x17c ./SDK/platform/hal/src/i2c/fsl_i2c_hal.o
 .debug_macro   0x000000000000cf23       0x34 ./SDK/platform/hal/src/i2c/fsl_i2c_hal.o
 .debug_macro   0x000000000000cf57      0x16e ./SDK/platform/hal/src/gpio/fsl_gpio_hal.o
 .debug_macro   0x000000000000d0c5      0x15d ./SDK/platform/drivers/src/i2c/fsl_i2c_common.o
 .debug_macro   0x000000000000d222      0x267 ./SDK/platform/drivers/src/i2c/fsl_i2c_master_driver.o
 .debug_macro   0x000000000000d489      0x166 ./SDK/platform/drivers/src/i2c/fsl_i2c_master_driver.o
 .debug_macro   0x000000000000d5ef      0x186 ./SDK/platform/drivers/src/i2c/fsl_i2c_shared_function.o
 .debug_macro   0x000000000000d775      0x267 ./SDK/platform/drivers/src/i2c/fsl_i2c_slave_driver.o
 .debug_macro   0x000000000000d9dc      0x158 ./SDK/platform/devices/MKL02Z4/startup/system_MKL02Z4.o
 .debug_macro   0x000000000000db34      0x167 ./SDK/platform/devices/startup.o
 .debug_macro   0x000000000000dc9b      0x306 ./Generated_Code/Cpu.o
 .debug_macro   0x000000000000dfa1      0x1b6 ./Generated_Code/hardware_init.o
 .debug_macro   0x000000000000e157      0x2c6 ./Generated_Code/osa1.o
 .debug_macro   0x000000000000e41d      0x1a5 ./Generated_Code/pin_mux.o

.debug_line     0x0000000000000000     0xcfdb
 .debug_line    0x0000000000000000      0x99b ./Static_Code/System/PE_low_level_init.o
 .debug_line    0x000000000000099b      0x90e ./Sources/Events.o
 .debug_line    0x00000000000012a9      0x2d7 ./Sources/delay.o
 .debug_line    0x0000000000001580      0x523 ./Sources/gpio.o
 .debug_line    0x0000000000001aa3      0x40b ./Sources/gps.o
 .debug_line    0x0000000000001eae      0x857 ./Sources/i2c.o
 .debug_line    0x0000000000002705      0x9bf ./Sources/main.o
 .debug_line    0x00000000000030c4      0x970 ./Sources/uart.o
 .debug_line    0x0000000000003a34      0x57e ./SDK/platform/system/src/interrupt/fsl_interrupt_manager.o
 .debug_line    0x0000000000003fb2      0xb47 ./SDK/platform/system/src/clock/MKL02Z4/fsl_clock_MKL02Z4.o
 .debug_line    0x0000000000004af9      0x9ce ./SDK/platform/system/src/clock/fsl_clock_manager.o
 .debug_line    0x00000000000054c7      0x6cd ./SDK/platform/system/src/clock/fsl_clock_manager_common.o
 .debug_line    0x0000000000005b94      0xb9d ./SDK/platform/osa/src/fsl_os_abstraction_bm.o
 .debug_line    0x0000000000006731      0x715 ./SDK/platform/hal/src/mcg/fsl_mcg_hal.o
 .debug_line    0x0000000000006e46      0x78a ./SDK/platform/hal/src/lpsci/fsl_lpsci_hal.o
 .debug_line    0x00000000000075d0      0x86c ./SDK/platform/hal/src/i2c/fsl_i2c_hal.o
 .debug_line    0x0000000000007e3c      0x55e ./SDK/platform/hal/src/gpio/fsl_gpio_hal.o
 .debug_line    0x000000000000839a      0x47e ./SDK/platform/drivers/src/i2c/fsl_i2c_common.o
 .debug_line    0x0000000000008818      0xcad ./SDK/platform/drivers/src/i2c/fsl_i2c_master_driver.o
 .debug_line    0x00000000000094c5      0x5b9 ./SDK/platform/drivers/src/i2c/fsl_i2c_shared_function.o
 .debug_line    0x0000000000009a7e      0xcb3 ./SDK/platform/drivers/src/i2c/fsl_i2c_slave_driver.o
 .debug_line    0x000000000000a731       0x77 ./SDK/platform/devices/MKL02Z4/startup/gcc/startup_MKL02Z4.o
 .debug_line    0x000000000000a7a8      0x508 ./SDK/platform/devices/MKL02Z4/startup/system_MKL02Z4.o
 .debug_line    0x000000000000acb0      0x41f ./SDK/platform/devices/startup.o
 .debug_line    0x000000000000b0cf      0x972 ./Generated_Code/Cpu.o
 .debug_line    0x000000000000ba41      0x5d3 ./Generated_Code/hardware_init.o
 .debug_line    0x000000000000c014      0x8ff ./Generated_Code/osa1.o
 .debug_line    0x000000000000c913      0x6c8 ./Generated_Code/pin_mux.o

.debug_str      0x0000000000000000    0x5bfb5
 .debug_str     0x0000000000000000    0x56524 ./Static_Code/System/PE_low_level_init.o
                                      0x569f1 (size before relaxing)
 .debug_str     0x0000000000056524       0x2e ./Sources/Events.o
                                      0x569a9 (size before relaxing)
 .debug_str     0x0000000000056552       0x3e ./Sources/delay.o
                                       0x46e0 (size before relaxing)
 .debug_str     0x0000000000056590       0x9f ./Sources/gpio.o
                                      0x56458 (size before relaxing)
 .debug_str     0x000000000005662f      0x496 ./Sources/gps.o
                                       0x3322 (size before relaxing)
 .debug_str     0x0000000000056ac5     0x143b ./Sources/i2c.o
                                      0x57ea0 (size before relaxing)
 .debug_str     0x0000000000057f00      0x233 ./Sources/main.o
                                      0x56fc8 (size before relaxing)
 .debug_str     0x0000000000058133      0x31e ./Sources/uart.o
                                      0x56c88 (size before relaxing)
 .debug_str     0x0000000000058451      0x2dd ./SDK/platform/system/src/interrupt/fsl_interrupt_manager.o
                                      0x566ae (size before relaxing)
 .debug_str     0x000000000005872e      0xcd4 ./SDK/platform/system/src/clock/MKL02Z4/fsl_clock_MKL02Z4.o
                                      0x5736d (size before relaxing)
 .debug_str     0x0000000000059402      0xa8f ./SDK/platform/system/src/clock/fsl_clock_manager.o
                                      0x575f2 (size before relaxing)
 .debug_str     0x0000000000059e91       0x50 ./SDK/platform/system/src/clock/fsl_clock_manager_common.o
                                      0x5663f (size before relaxing)
 .debug_str     0x0000000000059ee1      0x539 ./SDK/platform/osa/src/fsl_os_abstraction_bm.o
                                      0x57004 (size before relaxing)
 .debug_str     0x000000000005a41a      0x4d0 ./SDK/platform/hal/src/mcg/fsl_mcg_hal.o
                                      0x56c24 (size before relaxing)
 .debug_str     0x000000000005a8ea      0x581 ./SDK/platform/hal/src/lpsci/fsl_lpsci_hal.o
                                      0x56be8 (size before relaxing)
 .debug_str     0x000000000005ae6b      0x59b ./SDK/platform/hal/src/i2c/fsl_i2c_hal.o
                                      0x56b4d (size before relaxing)